Archive member included to satisfy reference by file (symbol)

/usr/lib/gcc/arm-none-eabi/13.2.1/../../../arm-none-eabi/lib/thumb/v6-m/nofp/libstdc++.a(functexcept.o)
                              CMakeFiles/PicoCommunication.dir/main.cpp.o (std::__throw_length_error(char const*))
/usr/lib/gcc/arm-none-eabi/13.2.1/../../../arm-none-eabi/lib/thumb/v6-m/nofp/libstdc++.a(bad_alloc.o)
                              /usr/lib/gcc/arm-none-eabi/13.2.1/../../../arm-none-eabi/lib/thumb/v6-m/nofp/libstdc++.a(functexcept.o) (vtable for std::bad_alloc)
/usr/lib/gcc/arm-none-eabi/13.2.1/../../../arm-none-eabi/lib/thumb/v6-m/nofp/libstdc++.a(bad_array_new.o)
                              /usr/lib/gcc/arm-none-eabi/13.2.1/../../../arm-none-eabi/lib/thumb/v6-m/nofp/libstdc++.a(functexcept.o) (vtable for std::bad_array_new_length)
/usr/lib/gcc/arm-none-eabi/13.2.1/../../../arm-none-eabi/lib/thumb/v6-m/nofp/libstdc++.a(bad_cast.o)
                              /usr/lib/gcc/arm-none-eabi/13.2.1/../../../arm-none-eabi/lib/thumb/v6-m/nofp/libstdc++.a(functexcept.o) (vtable for std::bad_cast)
/usr/lib/gcc/arm-none-eabi/13.2.1/../../../arm-none-eabi/lib/thumb/v6-m/nofp/libstdc++.a(bad_typeid.o)
                              /usr/lib/gcc/arm-none-eabi/13.2.1/../../../arm-none-eabi/lib/thumb/v6-m/nofp/libstdc++.a(functexcept.o) (vtable for std::bad_typeid)
/usr/lib/gcc/arm-none-eabi/13.2.1/../../../arm-none-eabi/lib/thumb/v6-m/nofp/libstdc++.a(eh_alloc.o)
                              /usr/lib/gcc/arm-none-eabi/13.2.1/../../../arm-none-eabi/lib/thumb/v6-m/nofp/libstdc++.a(functexcept.o) (__cxa_allocate_exception)
/usr/lib/gcc/arm-none-eabi/13.2.1/../../../arm-none-eabi/lib/thumb/v6-m/nofp/libstdc++.a(eh_arm.o)
                              /usr/lib/gcc/arm-none-eabi/13.2.1/../../../arm-none-eabi/lib/thumb/v6-m/nofp/libstdc++.a(functexcept.o) (__cxa_end_cleanup)
/usr/lib/gcc/arm-none-eabi/13.2.1/../../../arm-none-eabi/lib/thumb/v6-m/nofp/libstdc++.a(eh_exception.o)
                              /usr/lib/gcc/arm-none-eabi/13.2.1/../../../arm-none-eabi/lib/thumb/v6-m/nofp/libstdc++.a(bad_alloc.o) (std::exception::~exception())
/usr/lib/gcc/arm-none-eabi/13.2.1/../../../arm-none-eabi/lib/thumb/v6-m/nofp/libstdc++.a(eh_globals.o)
                              /usr/lib/gcc/arm-none-eabi/13.2.1/../../../arm-none-eabi/lib/thumb/v6-m/nofp/libstdc++.a(eh_arm.o) (__cxa_get_globals)
/usr/lib/gcc/arm-none-eabi/13.2.1/../../../arm-none-eabi/lib/thumb/v6-m/nofp/libstdc++.a(eh_personality.o)
                              /usr/lib/gcc/arm-none-eabi/13.2.1/../../../arm-none-eabi/lib/thumb/v6-m/nofp/libstdc++.a(functexcept.o) (__gxx_personality_v0)
/usr/lib/gcc/arm-none-eabi/13.2.1/../../../arm-none-eabi/lib/thumb/v6-m/nofp/libstdc++.a(eh_terminate.o)
                              /usr/lib/gcc/arm-none-eabi/13.2.1/../../../arm-none-eabi/lib/thumb/v6-m/nofp/libstdc++.a(eh_alloc.o) (std::terminate())
/usr/lib/gcc/arm-none-eabi/13.2.1/../../../arm-none-eabi/lib/thumb/v6-m/nofp/libstdc++.a(eh_throw.o)
                              /usr/lib/gcc/arm-none-eabi/13.2.1/../../../arm-none-eabi/lib/thumb/v6-m/nofp/libstdc++.a(functexcept.o) (__cxa_throw)
/usr/lib/gcc/arm-none-eabi/13.2.1/../../../arm-none-eabi/lib/thumb/v6-m/nofp/libstdc++.a(eh_unex_handler.o)
                              /usr/lib/gcc/arm-none-eabi/13.2.1/../../../arm-none-eabi/lib/thumb/v6-m/nofp/libstdc++.a(eh_terminate.o) (__cxxabiv1::__unexpected_handler)
/usr/lib/gcc/arm-none-eabi/13.2.1/../../../arm-none-eabi/lib/thumb/v6-m/nofp/libstdc++.a(si_class_type_info.o)
                              /usr/lib/gcc/arm-none-eabi/13.2.1/../../../arm-none-eabi/lib/thumb/v6-m/nofp/libstdc++.a(bad_alloc.o) (vtable for __cxxabiv1::__si_class_type_info)
/usr/lib/gcc/arm-none-eabi/13.2.1/../../../arm-none-eabi/lib/thumb/v6-m/nofp/libstdc++.a(tinfo.o)
                              /usr/lib/gcc/arm-none-eabi/13.2.1/../../../arm-none-eabi/lib/thumb/v6-m/nofp/libstdc++.a(si_class_type_info.o) (std::type_info::__is_pointer_p() const)
/usr/lib/gcc/arm-none-eabi/13.2.1/../../../arm-none-eabi/lib/thumb/v6-m/nofp/libstdc++.a(stdexcept.o)
                              /usr/lib/gcc/arm-none-eabi/13.2.1/../../../arm-none-eabi/lib/thumb/v6-m/nofp/libstdc++.a(functexcept.o) (std::runtime_error::~runtime_error())
/usr/lib/gcc/arm-none-eabi/13.2.1/../../../arm-none-eabi/lib/thumb/v6-m/nofp/libstdc++.a(cow-stdexcept.o)
                              /usr/lib/gcc/arm-none-eabi/13.2.1/../../../arm-none-eabi/lib/thumb/v6-m/nofp/libstdc++.a(functexcept.o) (std::logic_error::logic_error(char const*))
/usr/lib/gcc/arm-none-eabi/13.2.1/../../../arm-none-eabi/lib/thumb/v6-m/nofp/libstdc++.a(cow-string-inst.o)
                              /usr/lib/gcc/arm-none-eabi/13.2.1/../../../arm-none-eabi/lib/thumb/v6-m/nofp/libstdc++.a(stdexcept.o) (std::string::_Rep::_S_empty_rep_storage)
/usr/lib/gcc/arm-none-eabi/13.2.1/../../../arm-none-eabi/lib/thumb/v6-m/nofp/libstdc++.a(random.o)
[...]
Memory Configuration

Name             Origin             Length             Attributes
FLASH            0x10000000         0x00200000         xr
RAM              0x20000000         0x00040000         xrw
SCRATCH_X        0x20040000         0x00001000         xrw
SCRATCH_Y        0x20041000         0x00001000         xrw
*default*        0x00000000         0xffffffff

Linker script and memory map

LOAD /usr/lib/gcc/arm-none-eabi/13.2.1/thumb/v6-m/nofp/crti.o
LOAD /usr/lib/gcc/arm-none-eabi/13.2.1/thumb/v6-m/nofp/crtbegin.o
LOAD /usr/lib/gcc/arm-none-eabi/13.2.1/../../../arm-none-eabi/lib/thumb/v6-m/nofp/crt0.o

.flash_begin    0x10000000        0x0
                0x10000000                        __flash_binary_start = .

.boot2          0x10000000      0x100
                0x10000000                        __boot2_start__ = .
 *(.boot2)
 .boot2         0x10000000      0x100 pico-sdk/src/rp2040/boot_stage2/CMakeFiles/bs2_default_library.dir/bs2_default_padded_checksummed.S.o
                0x10000100                        __boot2_end__ = .
                0x00000001                        ASSERT (((__boot2_end__ - __boot2_start__) == 0x100), ERROR: Pico second stage bootloader must be 256 bytes in size)

.text           0x10000100     0x95fc
                0x10000100                        __logical_binary_start = .
 *(.vectors)
 .vectors       0x10000100       0xd4 CMakeFiles/PicoCommunication.dir/home/emilklitgaard/pico-sdk/src/rp2_common/pico_crt0/crt0.S.o
                0x10000100                __vectors
                0x10000100                __VECTOR_TABLE
                0x100001c0                isr_invalid
                0x100001c0                __default_isrs_start
                0x100001c2                isr_nmi
                0x100001c4                isr_hardfault
                0x100001c6                isr_svcall
                0x100001c8                isr_pendsv
                0x100001ca                isr_systick
                0x100001cc                isr_irq30
                0x100001cc                __unhandled_user_irq
                0x100001cc                isr_irq13
                0x100001cc                isr_irq27
                0x100001cc                isr_irq31
                0x100001cc                isr_irq5
                0x100001cc                isr_irq11
                0x100001cc                isr_irq23
                0x100001cc                isr_irq18
                0x100001cc                isr_irq28
                0x100001cc                isr_irq19
                0x100001cc                isr_irq0
                0x100001cc                isr_irq6
                0x100001cc                isr_irq22
                0x100001cc                isr_irq17
                0x100001cc                isr_irq14
                0x100001cc                isr_irq2
                0x100001cc                isr_irq10
                0x100001cc                isr_irq8
                0x100001cc                isr_irq24
                0x100001cc                isr_irq1
                0x100001cc                isr_irq7
                0x100001cc                isr_irq21
                0x100001cc                isr_irq20
                0x100001cc                isr_irq15
                0x100001cc                isr_irq25
                0x100001cc                isr_irq4
                0x100001cc                isr_irq16
                0x100001cc                isr_irq29
                0x100001cc                isr_irq26
                0x100001cc                __default_isrs_end
                0x100001cc                isr_irq3
                0x100001cc                isr_irq12
                0x100001cc                isr_irq9
                0x100001d2                unhandled_user_irq_num_in_r0
 *(.binary_info_header)
 .binary_info_header
                0x100001d4       0x14 CMakeFiles/PicoCommunication.dir/home/emilklitgaard/pico-sdk/src/rp2_common/pico_crt0/crt0.S.o
                0x100001e8                        __binary_info_header_end = .
 *(.embedded_block)
                0x100001e8                        __embedded_block_end = .
 *(.reset)
 .reset         0x100001e8       0x9c CMakeFiles/PicoCommunication.dir/home/emilklitgaard/pico-sdk/src/rp2_common/pico_crt0/crt0.S.o
                0x100001e8                _entry_point
 *(.init)
 .init          0x10000284        0x4 /usr/lib/gcc/arm-none-eabi/13.2.1/thumb/v6-m/nofp/crti.o
                0x10000284                _init
 *(EXCLUDE_FILE(*libm.a: *libc.a:*lib_a-mem*.o *libgcc.a:) .text*)
 .text          0x10000288       0x98 /usr/lib/gcc/arm-none-eabi/13.2.1/thumb/v6-m/nofp/crtbegin.o
 .text._ZNSt6vectorIfSaIfEE17_M_realloc_insertIJRKfEEEvN9__gnu_cxx17__normal_iteratorIPfS1_EEDpOT_
                0x10000320       0xf0 CMakeFiles/PicoCommunication.dir/main.cpp.o
                0x10000320                void std::vector<float, std::allocator<float> >::_M_realloc_insert<float const&>(__gnu_cxx::__normal_iterator<float*, std::vector<float, std::allocator<float> > >, float const&)
 .text._Z12closeGripperv
                0x10000410      0x258 CMakeFiles/PicoCommunication.dir/main.cpp.o
                0x10000410                closeGripper()
 .text.startup.main
                0x10000668      0x1a8 CMakeFiles/PicoCommunication.dir/main.cpp.o
                0x10000668                main
 .text.gpio_set_function
                0x10000810       0x34 CMakeFiles/PicoCommunication.dir/home/emilklitgaard/pico-sdk/src/rp2_common/hardware_gpio/gpio.c.o
                0x10000810                gpio_set_function
 .text.gpio_set_pulls
                0x10000844       0x28 CMakeFiles/PicoCommunication.dir/home/emilklitgaard/pico-sdk/src/rp2_common/hardware_gpio/gpio.c.o
                0x10000844                gpio_set_pulls
 .text.gpio_set_input_enabled
                0x1000086c       0x28 CMakeFiles/PicoCommunication.dir/home/emilklitgaard/pico-sdk/src/rp2_common/hardware_gpio/gpio.c.o
                0x1000086c                gpio_set_input_enabled
 .text.gpio_init
                0x10000894       0x40 CMakeFiles/PicoCommunication.dir/home/emilklitgaard/pico-sdk/src/rp2_common/hardware_gpio/gpio.c.o
                0x10000894                gpio_init
 .text.rp2040_chip_version
                0x100008d4        0xc CMakeFiles/PicoCommunication.dir/home/emilklitgaard/pico-sdk/src/rp2040/pico_platform/platform.c.o
                0x100008d4                rp2040_chip_version
 .text.panic    0x100008e0       0x30 CMakeFiles/PicoCommunication.dir/home/emilklitgaard/pico-sdk/src/rp2_common/pico_platform_panic/panic.c.o
                0x100008e0                panic
 .text.hw_claim_or_assert
                0x10000910       0x44 CMakeFiles/PicoCommunication.dir/home/emilklitgaard/pico-sdk/src/common/hardware_claim/claim.c.o
                0x10000910                hw_claim_or_assert
 .text.hw_claim_unused_from_range
                0x10000954       0x9c CMakeFiles/PicoCommunication.dir/home/emilklitgaard/pico-sdk/src/common/hardware_claim/claim.c.o
                0x10000954                hw_claim_unused_from_range
 .text.next_striped_spin_lock_num
                0x100009f0       0x18 CMakeFiles/PicoCommunication.dir/home/emilklitgaard/pico-sdk/src/rp2_common/hardware_sync/sync.c.o
                0x100009f0                next_striped_spin_lock_num
 .text.spin_lock_claim_unused
                0x10000a08       0x24 CMakeFiles/PicoCommunication.dir/home/emilklitgaard/pico-sdk/src/rp2_common/hardware_sync/sync.c.o
                0x10000a08                spin_lock_claim_unused
 .text.spin_locks_reset
                0x10000a2c       0x1c CMakeFiles/PicoCommunication.dir/home/emilklitgaard/pico-sdk/src/rp2_common/hardware_sync_spin_lock/sync_spin_lock.c.o
                0x10000a2c                spin_locks_reset
 .text.runtime_init_per_core_irq_priorities
                0x10000a48       0x24 CMakeFiles/PicoCommunication.dir/home/emilklitgaard/pico-sdk/src/rp2_common/hardware_irq/irq.c.o
                0x10000a48                runtime_init_per_core_irq_priorities
 .text.irq_set_enabled
                0x10000a6c       0x24 CMakeFiles/PicoCommunication.dir/home/emilklitgaard/pico-sdk/src/rp2_common/hardware_irq/irq.c.o
                0x10000a6c                irq_set_enabled
 .text.irq_is_enabled
                0x10000a90       0x18 CMakeFiles/PicoCommunication.dir/home/emilklitgaard/pico-sdk/src/rp2_common/hardware_irq/irq.c.o
                0x10000a90                irq_is_enabled
 .text.irq_set_pending
                0x10000aa8       0x10 CMakeFiles/PicoCommunication.dir/home/emilklitgaard/pico-sdk/src/rp2_common/hardware_irq/irq.c.o
                0x10000aa8                irq_set_pending
 .text.irq_has_shared_handler
                0x10000ab8       0x24 CMakeFiles/PicoCommunication.dir/home/emilklitgaard/pico-sdk/src/rp2_common/hardware_irq/irq.c.o
                0x10000ab8                irq_has_shared_handler
 .text.irq_set_exclusive_handler
                0x10000adc       0x54 CMakeFiles/PicoCommunication.dir/home/emilklitgaard/pico-sdk/src/rp2_common/hardware_irq/irq.c.o
                0x10000adc                irq_set_exclusive_handler
 .text.irq_add_shared_handler
                0x10000b30      0x1f4 CMakeFiles/PicoCommunication.dir/home/emilklitgaard/pico-sdk/src/rp2_common/hardware_irq/irq.c.o
                0x10000b30                irq_add_shared_handler
 .text.irq_add_tail_to_free_list
                0x10000d24       0xb4 CMakeFiles/PicoCommunication.dir/home/emilklitgaard/pico-sdk/src/rp2_common/hardware_irq/irq.c.o
                0x10000d24                irq_add_tail_to_free_list
 .text.user_irq_claim_unused
                0x10000dd8       0x2c CMakeFiles/PicoCommunication.dir/home/emilklitgaard/pico-sdk/src/rp2_common/hardware_irq/irq.c.o
                0x10000dd8                user_irq_claim_unused
 .text.lock_init
                0x10000e04       0x10 CMakeFiles/PicoCommunication.dir/home/emilklitgaard/pico-sdk/src/common/pico_sync/lock_core.c.o
                0x10000e04                lock_init
 .text.runtime_init_mutex
                0x10000e14       0x50 CMakeFiles/PicoCommunication.dir/home/emilklitgaard/pico-sdk/src/common/pico_sync/mutex.c.o
                0x10000e14                runtime_init_mutex
 .text.mutex_init
                0x10000e64       0x1c CMakeFiles/PicoCommunication.dir/home/emilklitgaard/pico-sdk/src/common/pico_sync/mutex.c.o
                0x10000e64                mutex_init
 .text.critical_section_init
                0x10000e80       0x1c CMakeFiles/PicoCommunication.dir/home/emilklitgaard/pico-sdk/src/common/pico_sync/critical_section.c.o
                0x10000e80                critical_section_init
 .text.critical_section_init_with_lock_num
                0x10000e9c       0x14 CMakeFiles/PicoCommunication.dir/home/emilklitgaard/pico-sdk/src/common/pico_sync/critical_section.c.o
                0x10000e9c                critical_section_init_with_lock_num
 .text.sleep_until_callback
                0x10000eb0       0x30 CMakeFiles/PicoCommunication.dir/home/emilklitgaard/pico-sdk/src/common/pico_time/time.c.o
 .text.alarm_pool_irq_handler
                0x10000ee0      0x2fc CMakeFiles/PicoCommunication.dir/home/emilklitgaard/pico-sdk/src/common/pico_time/time.c.o
 .text.runtime_init_default_alarm_pool
                0x100011dc       0xdc CMakeFiles/PicoCommunication.dir/home/emilklitgaard/pico-sdk/src/common/pico_time/time.c.o
                0x100011dc                runtime_init_default_alarm_pool
 .text.alarm_pool_get_default
                0x100012b8        0x8 CMakeFiles/PicoCommunication.dir/home/emilklitgaard/pico-sdk/src/common/pico_time/time.c.o
                0x100012b8                alarm_pool_get_default
 .text.alarm_pool_add_alarm_at
                0x100012c0       0xd4 CMakeFiles/PicoCommunication.dir/home/emilklitgaard/pico-sdk/src/common/pico_time/time.c.o
                0x100012c0                alarm_pool_add_alarm_at
 .text.alarm_pool_add_alarm_at_force_in_context
                0x10001394       0xb0 CMakeFiles/PicoCommunication.dir/home/emilklitgaard/pico-sdk/src/common/pico_time/time.c.o
                0x10001394                alarm_pool_add_alarm_at_force_in_context
 .text.alarm_pool_cancel_alarm
                0x10001444       0x74 CMakeFiles/PicoCommunication.dir/home/emilklitgaard/pico-sdk/src/common/pico_time/time.c.o
                0x10001444                alarm_pool_cancel_alarm
 .text.alarm_pool_core_num
                0x100014b8        0x4 CMakeFiles/PicoCommunication.dir/home/emilklitgaard/pico-sdk/src/common/pico_time/time.c.o
                0x100014b8                alarm_pool_core_num
 .text.sleep_until
                0x100014bc       0xd8 CMakeFiles/PicoCommunication.dir/home/emilklitgaard/pico-sdk/src/common/pico_time/time.c.o
                0x100014bc                sleep_until
 .text.sleep_ms
                0x10001594       0x38 CMakeFiles/PicoCommunication.dir/home/emilklitgaard/pico-sdk/src/common/pico_time/time.c.o
                0x10001594                sleep_ms
 .text.best_effort_wfe_or_timeout
                0x100015cc       0xf8 CMakeFiles/PicoCommunication.dir/home/emilklitgaard/pico-sdk/src/common/pico_time/time.c.o
                0x100015cc                best_effort_wfe_or_timeout
 .text.timer_hardware_alarm_claim
                0x100016c4       0x14 CMakeFiles/PicoCommunication.dir/home/emilklitgaard/pico-sdk/src/rp2_common/hardware_timer/timer.c.o
                0x100016c4                timer_hardware_alarm_claim
 .text.timer_time_us_64
                0x100016d8       0x10 CMakeFiles/PicoCommunication.dir/home/emilklitgaard/pico-sdk/src/rp2_common/hardware_timer/timer.c.o
                0x100016d8                timer_time_us_64
 .text.time_us_64
                0x100016e8       0x14 CMakeFiles/PicoCommunication.dir/home/emilklitgaard/pico-sdk/src/rp2_common/hardware_timer/timer.c.o
                0x100016e8                time_us_64
 .text.busy_wait_us
                0x100016fc       0x68 CMakeFiles/PicoCommunication.dir/home/emilklitgaard/pico-sdk/src/rp2_common/hardware_timer/timer.c.o
                0x100016fc                busy_wait_us
 .text.busy_wait_until
                0x10001764       0x20 CMakeFiles/PicoCommunication.dir/home/emilklitgaard/pico-sdk/src/rp2_common/hardware_timer/timer.c.o
                0x10001764                busy_wait_until
 .text.clock_configure_int_divider
                0x10001784       0xf4 CMakeFiles/PicoCommunication.dir/home/emilklitgaard/pico-sdk/src/rp2_common/hardware_clocks/clocks.c.o
                0x10001784                clock_configure_int_divider
 .text.clock_configure_undivided
                0x10001878       0xe8 CMakeFiles/PicoCommunication.dir/home/emilklitgaard/pico-sdk/src/rp2_common/hardware_clocks/clocks.c.o
                0x10001878                clock_configure_undivided
 .text.clock_get_hz
                0x10001960        0xc CMakeFiles/PicoCommunication.dir/home/emilklitgaard/pico-sdk/src/rp2_common/hardware_clocks/clocks.c.o
                0x10001960                clock_get_hz
 .text.pll_init
                0x1000196c       0xa4 CMakeFiles/PicoCommunication.dir/home/emilklitgaard/pico-sdk/src/rp2_common/hardware_pll/pll.c.o
                0x1000196c                pll_init
 .text.watchdog_reboot
                0x10001a10       0x9c CMakeFiles/PicoCommunication.dir/home/emilklitgaard/pico-sdk/src/rp2_common/hardware_watchdog/watchdog.c.o
                0x10001a10                watchdog_reboot
 .text.tick_start
                0x10001aac       0x10 CMakeFiles/PicoCommunication.dir/home/emilklitgaard/pico-sdk/src/rp2_common/hardware_ticks/ticks.c.o
                0x10001aac                tick_start
 .text.rom_func_lookup
                0x10001abc       0x10 CMakeFiles/PicoCommunication.dir/home/emilklitgaard/pico-sdk/src/rp2_common/pico_bootrom/bootrom.c.o
                0x10001abc                rom_func_lookup
 .text.rom_data_lookup
                0x10001acc       0x10 CMakeFiles/PicoCommunication.dir/home/emilklitgaard/pico-sdk/src/rp2_common/pico_bootrom/bootrom.c.o
                0x10001acc                rom_data_lookup
 .text.rom_funcs_lookup
                0x10001adc       0x44 CMakeFiles/PicoCommunication.dir/home/emilklitgaard/pico-sdk/src/rp2_common/pico_bootrom/bootrom.c.o
                0x10001adc                rom_funcs_lookup
 .text.rom_reset_usb_boot_extra
                0x10001b20       0x28 CMakeFiles/PicoCommunication.dir/home/emilklitgaard/pico-sdk/src/rp2_common/pico_bootrom/bootrom.c.o
                0x10001b20                rom_reset_usb_boot_extra
 .text.xosc_init
                0x10001b48       0x28 CMakeFiles/PicoCommunication.dir/home/emilklitgaard/pico-sdk/src/rp2_common/hardware_xosc/xosc.c.o
                0x10001b48                xosc_init
 .text.first_per_core_initializer
                0x10001b70        0x4 CMakeFiles/PicoCommunication.dir/home/emilklitgaard/pico-sdk/src/rp2_common/pico_runtime/runtime.c.o
 .text.hard_assertion_failure
                0x10001b74        0xc CMakeFiles/PicoCommunication.dir/home/emilklitgaard/pico-sdk/src/rp2_common/pico_runtime/runtime.c.o
                0x10001b74                hard_assertion_failure
 .text.runtime_run_initializers
                0x10001b80       0x28 CMakeFiles/PicoCommunication.dir/home/emilklitgaard/pico-sdk/src/rp2_common/pico_runtime/runtime.c.o
                0x10001b80                runtime_run_initializers
 .text.runtime_init_early_resets
                0x10001ba8       0x2c CMakeFiles/PicoCommunication.dir/home/emilklitgaard/pico-sdk/src/rp2_common/pico_runtime_init/runtime_init.c.o
                0x10001ba8                runtime_init_early_resets
 .text.runtime_init_usb_power_down
                0x10001bd4       0x1c CMakeFiles/PicoCommunication.dir/home/emilklitgaard/pico-sdk/src/rp2_common/pico_runtime_init/runtime_init.c.o
                0x10001bd4                runtime_init_usb_power_down
 .text.runtime_init_post_clock_resets
                0x10001bf0       0x20 CMakeFiles/PicoCommunication.dir/home/emilklitgaard/pico-sdk/src/rp2_common/pico_runtime_init/runtime_init.c.o
                0x10001bf0                runtime_init_post_clock_resets
 .text.runtime_init_rp2040_gpio_ie_disable
                0x10001c10       0x14 CMakeFiles/PicoCommunication.dir/home/emilklitgaard/pico-sdk/src/rp2_common/pico_runtime_init/runtime_init.c.o
                0x10001c10                runtime_init_rp2040_gpio_ie_disable
 .text.runtime_init_spin_locks_reset
                0x10001c24        0x8 CMakeFiles/PicoCommunication.dir/home/emilklitgaard/pico-sdk/src/rp2_common/pico_runtime_init/runtime_init.c.o
                0x10001c24                runtime_init_spin_locks_reset
 .text.runtime_init_install_ram_vector_table
                0x10001c2c       0x1c CMakeFiles/PicoCommunication.dir/home/emilklitgaard/pico-sdk/src/rp2_common/pico_runtime_init/runtime_init.c.o
                0x10001c2c                runtime_init_install_ram_vector_table
 .text.runtime_init_clocks
                0x10001c48       0xd8 CMakeFiles/PicoCommunication.dir/home/emilklitgaard/pico-sdk/src/rp2_common/pico_runtime_init/runtime_init_clocks.c.o
                0x10001c48                runtime_init_clocks
 .text          0x10001d20       0x10 CMakeFiles/PicoCommunication.dir/home/emilklitgaard/pico-sdk/src/rp2_common/pico_bit_ops/bit_ops_aeabi.S.o
 .text.__wrap___aeabi_idiv
                0x10001d30       0x50 CMakeFiles/PicoCommunication.dir/home/emilklitgaard/pico-sdk/src/rp2_common/pico_divider/divider_hardware.S.o
                0x10001d30                __wrap___aeabi_idivmod
                0x10001d30                divmod_s32s32
                0x10001d30                div_s32s32
                0x10001d30                __wrap___aeabi_idiv
                0x10001d38                divmod_s32s32_unsafe
                0x10001d64                divmod_s32s32_savestate
 .text.__wrap___aeabi_uidiv
                0x10001d80       0x4c CMakeFiles/PicoCommunication.dir/home/emilklitgaard/pico-sdk/src/rp2_common/pico_divider/divider_hardware.S.o
                0x10001d80                __wrap___aeabi_uidiv
                0x10001d80                __wrap___aeabi_uidivmod
                0x10001d80                div_u32u32
                0x10001d80                divmod_u32u32
                0x10001d88                divmod_u32u32_unsafe
                0x10001db0                divmod_u32u32_savestate
 .text.__wrap___aeabi_ldiv
                0x10001dcc      0x424 CMakeFiles/PicoCommunication.dir/home/emilklitgaard/pico-sdk/src/rp2_common/pico_divider/divider_hardware.S.o
                0x10001dcc                div_s64s64
                0x10001dcc                divmod_s64s64
                0x10001dcc                __wrap___aeabi_ldivmod
                0x10001dfc                div_u64u64
                0x10001dfc                divmod_u64u64
                0x10001dfc                __wrap___aeabi_uldivmod
                0x10001e0c                divmod_u64u64_savestate
                0x10001e2c                divmod_s64s64_unsafe
                0x10001eb4                divmod_u64u64_unsafe
 .text.__wrap___aeabi_darithmetic
                0x100021f0       0x80 CMakeFiles/PicoCommunication.dir/home/emilklitgaard/pico-sdk/src/rp2_common/pico_double/double_aeabi_rp2040.S.o
                0x100021f0                __wrap___aeabi_drsub
                0x100021f6                __wrap___aeabi_dsub
                0x10002208                __wrap___aeabi_dadd
                0x1000221a                __wrap___aeabi_ddiv
                0x10002256                __wrap___aeabi_dmul
 .text.__wrap___aeabi_cdcmple
                0x10002270       0x6c CMakeFiles/PicoCommunication.dir/home/emilklitgaard/pico-sdk/src/rp2_common/pico_double/double_aeabi_rp2040.S.o
                0x10002270                __wrap___aeabi_cdrcmple
                0x10002280                __wrap___aeabi_cdcmple
                0x10002280                __wrap___aeabi_cdcmpeq
 .text.__wrap___aeabi_dcmplt
                0x100022dc        0xc CMakeFiles/PicoCommunication.dir/home/emilklitgaard/pico-sdk/src/rp2_common/pico_double/double_aeabi_rp2040.S.o
                0x100022dc                __wrap___aeabi_dcmplt
 .text.__wrap___aeabi_dcmpge
                0x100022e8       0x10 CMakeFiles/PicoCommunication.dir/home/emilklitgaard/pico-sdk/src/rp2_common/pico_double/double_aeabi_rp2040.S.o
                0x100022e8                __wrap___aeabi_dcmpge
 .text.__wrap___aeabi_dcmpgt
                0x100022f8        0xa CMakeFiles/PicoCommunication.dir/home/emilklitgaard/pico-sdk/src/rp2_common/pico_double/double_aeabi_rp2040.S.o
                0x100022f8                __wrap___aeabi_dcmpgt
 .text.__wrap___aeabi_dcmpun
                0x10002302       0x18 CMakeFiles/PicoCommunication.dir/home/emilklitgaard/pico-sdk/src/rp2_common/pico_double/double_aeabi_rp2040.S.o
                0x10002302                __wrap___aeabi_dcmpun
 *fill*         0x1000231a        0x2 
 .text.__wrap___aeabi_i2d
                0x1000231c       0x38 CMakeFiles/PicoCommunication.dir/home/emilklitgaard/pico-sdk/src/rp2_common/pico_double/double_aeabi_rp2040.S.o
                0x1000231c                __wrap___aeabi_ui2d
                0x1000231c                uint2double
                0x10002324                __wrap___aeabi_i2d
                0x10002324                int2double
 .text.__wrap___aeabi_d2iz
                0x10002354       0x48 CMakeFiles/PicoCommunication.dir/home/emilklitgaard/pico-sdk/src/rp2_common/pico_double/double_aeabi_rp2040.S.o
                0x10002354                __wrap___aeabi_d2iz
                0x10002354                double2int_z
 .text.__wrap___aeabi_d2uiz
                0x1000239c       0x18 CMakeFiles/PicoCommunication.dir/home/emilklitgaard/pico-sdk/src/rp2_common/pico_double/double_aeabi_rp2040.S.o
                0x1000239c                double2uint_z
                0x1000239c                double2uint
                0x1000239c                __wrap___aeabi_d2uiz
 .text.__aeabi_double_init
                0x100023b4       0xa4 CMakeFiles/PicoCommunication.dir/home/emilklitgaard/pico-sdk/src/rp2_common/pico_double/double_init_rom_rp2040.c.o
                0x100023b4                __aeabi_double_init
 .text.double_table_shim_on_use_helper
                0x10002458       0x2c CMakeFiles/PicoCommunication.dir/home/emilklitgaard/pico-sdk/src/rp2_common/pico_double/double_v1_rom_shim_rp2040.S.o
                0x10002458                double_table_shim_on_use_helper
 .text.__wrap___aeabi_dsub
                0x10002484       0x10 CMakeFiles/PicoCommunication.dir/home/emilklitgaard/pico-sdk/src/rp2_common/pico_double/double_v1_rom_shim_rp2040.S.o
                0x10002484                drsub_shim
                0x1000248a                dsub_shim
 .text.dadd_shim
                0x10002494      0x15c CMakeFiles/PicoCommunication.dir/home/emilklitgaard/pico-sdk/src/rp2_common/pico_double/double_v1_rom_shim_rp2040.S.o
                0x10002494                dadd_shim
 .text.dmul_shim
                0x100025f0      0x15c CMakeFiles/PicoCommunication.dir/home/emilklitgaard/pico-sdk/src/rp2_common/pico_double/double_v1_rom_shim_rp2040.S.o
                0x100025f0                dmul_shim
 .text.ddiv_shim
                0x1000274c      0x1b0 CMakeFiles/PicoCommunication.dir/home/emilklitgaard/pico-sdk/src/rp2_common/pico_double/double_v1_rom_shim_rp2040.S.o
                0x1000274c                ddiv_shim
 .text.double2uint_shim
                0x100028fc        0xe CMakeFiles/PicoCommunication.dir/home/emilklitgaard/pico-sdk/src/rp2_common/pico_double/double_v1_rom_shim_rp2040.S.o
                0x100028fc                double2uint_shim
                0x100028fe                double2ufix_shim
 *fill*         0x1000290a        0x2 
 .text.double2uint64_shim
                0x1000290c       0x70 CMakeFiles/PicoCommunication.dir/home/emilklitgaard/pico-sdk/src/rp2_common/pico_double/double_v1_rom_shim_rp2040.S.o
                0x1000290c                double2uint64_shim
                0x1000290e                double2ufix64_shim
                0x1000292e                d2fix_a
 .text.dunpacks
                0x1000297c       0x3c CMakeFiles/PicoCommunication.dir/home/emilklitgaard/pico-sdk/src/rp2_common/pico_double/double_v1_rom_shim_rp2040.S.o
                0x1000297c                dunpacks
 .text.__aeabi_lmul
                0x100029b8       0x32 CMakeFiles/PicoCommunication.dir/home/emilklitgaard/pico-sdk/src/rp2_common/pico_int64_ops/pico_int64_ops_aeabi.S.o
                0x100029b8                __wrap___aeabi_lmul
 *fill*         0x100029ea        0x2 
 .text.__wrap___aeabi_farithmetic
                0x100029ec       0x48 CMakeFiles/PicoCommunication.dir/home/emilklitgaard/pico-sdk/src/rp2_common/pico_float/float_aeabi_rp2040.S.o
                0x100029ec                __wrap___aeabi_frsub
                0x100029f2                __wrap___aeabi_fsub
                0x100029f8                __wrap___aeabi_fadd
                0x100029fe                __wrap___aeabi_fdiv
                0x10002a26                __wrap___aeabi_fmul
 .text.__wrap___aeabi_cfcmple
                0x10002a34       0x50 CMakeFiles/PicoCommunication.dir/home/emilklitgaard/pico-sdk/src/rp2_common/pico_float/float_aeabi_rp2040.S.o
                0x10002a34                __wrap___aeabi_cfrcmple
                0x10002a40                __wrap___aeabi_cfcmpeq
                0x10002a40                __wrap___aeabi_cfcmple
 .text.__wrap___aeabi_fcmpgt
                0x10002a84        0xa CMakeFiles/PicoCommunication.dir/home/emilklitgaard/pico-sdk/src/rp2_common/pico_float/float_aeabi_rp2040.S.o
                0x10002a84                __wrap___aeabi_fcmpgt
 .text.__wrap___aeabi_ui2f
                0x10002a8e        0xa CMakeFiles/PicoCommunication.dir/home/emilklitgaard/pico-sdk/src/rp2_common/pico_float/float_aeabi_rp2040.S.o
                0x10002a8e                uint2float
                0x10002a8e                __wrap___aeabi_ui2f
 .text.__wrap___aeabi_i2f
                0x10002a98       0x44 CMakeFiles/PicoCommunication.dir/home/emilklitgaard/pico-sdk/src/rp2_common/pico_float/float_aeabi_rp2040.S.o
                0x10002a98                int2float
                0x10002a98                __wrap___aeabi_i2f
 .text.__wrap___aeabi_f2d
                0x10002adc       0x14 CMakeFiles/PicoCommunication.dir/home/emilklitgaard/pico-sdk/src/rp2_common/pico_float/float_aeabi_rp2040.S.o
                0x10002adc                __wrap___aeabi_f2d
 .text.__aeabi_float_init
                0x10002af0       0x64 CMakeFiles/PicoCommunication.dir/home/emilklitgaard/pico-sdk/src/rp2_common/pico_float/float_init_rom_rp2040.c.o
                0x10002af0                __aeabi_float_init
 .text.float_table_shim_on_use_helper
                0x10002b54       0x2c CMakeFiles/PicoCommunication.dir/home/emilklitgaard/pico-sdk/src/rp2_common/pico_float/float_v1_rom_shim_rp2040.S.o
                0x10002b54                float_table_shim_on_use_helper
 .text.float2double_shim
                0x10002b80       0x30 CMakeFiles/PicoCommunication.dir/home/emilklitgaard/pico-sdk/src/rp2_common/pico_float/float_v1_rom_shim_rp2040.S.o
                0x10002b80                float2double_shim
 .text.__wrap_malloc
                0x10002bb0       0x24 CMakeFiles/PicoCommunication.dir/home/emilklitgaard/pico-sdk/src/rp2_common/pico_malloc/malloc.c.o
                0x10002bb0                __wrap_malloc
 .text.__wrap_free
                0x10002bd4        0x8 CMakeFiles/PicoCommunication.dir/home/emilklitgaard/pico-sdk/src/rp2_common/pico_malloc/malloc.c.o
                0x10002bd4                __wrap_free
 .text          0x10002bdc       0x10 CMakeFiles/PicoCommunication.dir/home/emilklitgaard/pico-sdk/src/rp2_common/pico_mem_ops/mem_ops_aeabi.S.o
                0x10002bdc                __aeabi_mem_init
 .text.memset   0x10002bec        0xc CMakeFiles/PicoCommunication.dir/home/emilklitgaard/pico-sdk/src/rp2_common/pico_mem_ops/mem_ops_aeabi.S.o
                0x10002bec                __wrap_memset
 .text.memcpy   0x10002bf8        0xc CMakeFiles/PicoCommunication.dir/home/emilklitgaard/pico-sdk/src/rp2_common/pico_mem_ops/mem_ops_aeabi.S.o
                0x10002bf8                __wrap___aeabi_memcpy
                0x10002bf8                __wrap_memcpy
 .text._Znwj    0x10002c04        0x8 CMakeFiles/PicoCommunication.dir/home/emilklitgaard/pico-sdk/src/rp2_common/pico_cxx_options/new_delete.cpp.o
                0x10002c04                operator new(unsigned int)
 .text._ZdlPv   0x10002c0c        0x8 CMakeFiles/PicoCommunication.dir/home/emilklitgaard/pico-sdk/src/rp2_common/pico_cxx_options/new_delete.cpp.o
                0x10002c0c                operator delete(void*)
 .text._ZdlPvj  0x10002c14        0x8 CMakeFiles/PicoCommunication.dir/home/emilklitgaard/pico-sdk/src/rp2_common/pico_cxx_options/new_delete.cpp.o
                0x10002c14                operator delete(void*, unsigned int)
 .text._out_null
                0x10002c1c        0x4 CMakeFiles/PicoCommunication.dir/home/emilklitgaard/pico-sdk/src/rp2_common/pico_printf/printf.c.o
 .text._out_rev
                0x10002c20       0xac CMakeFiles/PicoCommunication.dir/home/emilklitgaard/pico-sdk/src/rp2_common/pico_printf/printf.c.o
 .text._ntoa_format
                0x10002ccc      0x250 CMakeFiles/PicoCommunication.dir/home/emilklitgaard/pico-sdk/src/rp2_common/pico_printf/printf.c.o
 .text._out_char
                0x10002f1c       0x10 CMakeFiles/PicoCommunication.dir/home/emilklitgaard/pico-sdk/src/rp2_common/pico_printf/printf.c.o
 .text._out_fct
                0x10002f2c       0x10 CMakeFiles/PicoCommunication.dir/home/emilklitgaard/pico-sdk/src/rp2_common/pico_printf/printf.c.o
 .text._etoa    0x10002f3c      0x464 CMakeFiles/PicoCommunication.dir/home/emilklitgaard/pico-sdk/src/rp2_common/pico_printf/printf.c.o
 .text._ftoa    0x100033a0      0x3c0 CMakeFiles/PicoCommunication.dir/home/emilklitgaard/pico-sdk/src/rp2_common/pico_printf/printf.c.o
 .text._vsnprintf
                0x10003760      0xbc8 CMakeFiles/PicoCommunication.dir/home/emilklitgaard/pico-sdk/src/rp2_common/pico_printf/printf.c.o
 .text.vfctprintf
                0x10004328       0x20 CMakeFiles/PicoCommunication.dir/home/emilklitgaard/pico-sdk/src/rp2_common/pico_printf/printf.c.o
                0x10004328                vfctprintf
 .text.weak_raw_vprintf
                0x10004348       0x30 CMakeFiles/PicoCommunication.dir/home/emilklitgaard/pico-sdk/src/rp2_common/pico_printf/printf.c.o
                0x10004348                weak_raw_vprintf
 .text._exit    0x10004378        0x4 CMakeFiles/PicoCommunication.dir/home/emilklitgaard/pico-sdk/src/rp2_common/pico_clib_interface/newlib_interface.c.o
                0x10004378                _exit
 .text._sbrk    0x1000437c       0x34 CMakeFiles/PicoCommunication.dir/home/emilklitgaard/pico-sdk/src/rp2_common/pico_clib_interface/newlib_interface.c.o
                0x1000437c                _sbrk
 .text._getpid  0x100043b0        0x4 CMakeFiles/PicoCommunication.dir/home/emilklitgaard/pico-sdk/src/rp2_common/pico_clib_interface/newlib_interface.c.o
                0x100043b0                _getpid
 .text._kill    0x100043b4        0x8 CMakeFiles/PicoCommunication.dir/home/emilklitgaard/pico-sdk/src/rp2_common/pico_clib_interface/newlib_interface.c.o
                0x100043b4                _kill
 .text.exit     0x100043bc        0x8 CMakeFiles/PicoCommunication.dir/home/emilklitgaard/pico-sdk/src/rp2_common/pico_clib_interface/newlib_interface.c.o
                0x100043bc                exit
 .text.runtime_init
                0x100043c4       0x2c CMakeFiles/PicoCommunication.dir/home/emilklitgaard/pico-sdk/src/rp2_common/pico_clib_interface/newlib_interface.c.o
                0x100043c4                runtime_init
 .text.stdio_out_chars_no_crlf
                0x100043f0       0x10 CMakeFiles/PicoCommunication.dir/home/emilklitgaard/pico-sdk/src/rp2_common/pico_stdio/stdio.c.o
 .text.stdio_out_chars_crlf
                0x10004400       0x94 CMakeFiles/PicoCommunication.dir/home/emilklitgaard/pico-sdk/src/rp2_common/pico_stdio/stdio.c.o
 .text.stdio_buffered_printer
                0x10004494       0x64 CMakeFiles/PicoCommunication.dir/home/emilklitgaard/pico-sdk/src/rp2_common/pico_stdio/stdio.c.o
 .text.stdio_put_string
                0x100044f8      0x100 CMakeFiles/PicoCommunication.dir/home/emilklitgaard/pico-sdk/src/rp2_common/pico_stdio/stdio.c.o
                0x100044f8                stdio_put_string
 .text.stdio_set_driver_enabled
                0x100045f8       0x30 CMakeFiles/PicoCommunication.dir/home/emilklitgaard/pico-sdk/src/rp2_common/pico_stdio/stdio.c.o
                0x100045f8                stdio_set_driver_enabled
 .text.stdio_init_all
                0x10004628        0x8 CMakeFiles/PicoCommunication.dir/home/emilklitgaard/pico-sdk/src/rp2_common/pico_stdio/stdio.c.o
                0x10004628                stdio_init_all
 .text.__wrap_getchar
                0x10004630       0x7c CMakeFiles/PicoCommunication.dir/home/emilklitgaard/pico-sdk/src/rp2_common/pico_stdio/stdio.c.o
                0x10004630                __wrap_getchar
                0x10004630                stdio_getchar
 .text.__wrap_putchar
                0x100046ac       0x98 CMakeFiles/PicoCommunication.dir/home/emilklitgaard/pico-sdk/src/rp2_common/pico_stdio/stdio.c.o
                0x100046ac                stdio_putchar
                0x100046ac                __wrap_putchar
 .text.__wrap_puts
                0x10004744       0x3c CMakeFiles/PicoCommunication.dir/home/emilklitgaard/pico-sdk/src/rp2_common/pico_stdio/stdio.c.o
                0x10004744                __wrap_puts
                0x10004744                stdio_puts
 .text.__wrap_vprintf
                0x10004780       0xd4 CMakeFiles/PicoCommunication.dir/home/emilklitgaard/pico-sdk/src/rp2_common/pico_stdio/stdio.c.o
                0x10004780                __wrap_vprintf
                0x10004780                stdio_vprintf
 .text.__wrap_printf
                0x10004854       0x18 CMakeFiles/PicoCommunication.dir/home/emilklitgaard/pico-sdk/src/rp2_common/pico_stdio/stdio.c.o
                0x10004854                stdio_printf
                0x10004854                __wrap_printf
 .text.resetd_init
                0x1000486c        0x4 CMakeFiles/PicoCommunication.dir/home/emilklitgaard/pico-sdk/src/rp2_common/pico_stdio_usb/reset_interface.c.o
 .text.resetd_reset
                0x10004870        0xc CMakeFiles/PicoCommunication.dir/home/emilklitgaard/pico-sdk/src/rp2_common/pico_stdio_usb/reset_interface.c.o
 .text.resetd_open
                0x1000487c       0x28 CMakeFiles/PicoCommunication.dir/home/emilklitgaard/pico-sdk/src/rp2_common/pico_stdio_usb/reset_interface.c.o
 .text.resetd_xfer_cb
                0x100048a4        0x4 CMakeFiles/PicoCommunication.dir/home/emilklitgaard/pico-sdk/src/rp2_common/pico_stdio_usb/reset_interface.c.o
 .text.resetd_control_xfer_cb
                0x100048a8       0x5c CMakeFiles/PicoCommunication.dir/home/emilklitgaard/pico-sdk/src/rp2_common/pico_stdio_usb/reset_interface.c.o
 .text.tud_descriptor_bos_cb
                0x10004904        0x8 CMakeFiles/PicoCommunication.dir/home/emilklitgaard/pico-sdk/src/rp2_common/pico_stdio_usb/reset_interface.c.o
                0x10004904                tud_descriptor_bos_cb
 .text.tud_vendor_control_xfer_cb
                0x1000490c       0x34 CMakeFiles/PicoCommunication.dir/home/emilklitgaard/pico-sdk/src/rp2_common/pico_stdio_usb/reset_interface.c.o
                0x1000490c                tud_vendor_control_xfer_cb
 .text.usbd_app_driver_get_cb
                0x10004940        0xc CMakeFiles/PicoCommunication.dir/home/emilklitgaard/pico-sdk/src/rp2_common/pico_stdio_usb/reset_interface.c.o
                0x10004940                usbd_app_driver_get_cb
 .text.tud_cdc_line_coding_cb
                0x1000494c       0x2c CMakeFiles/PicoCommunication.dir/home/emilklitgaard/pico-sdk/src/rp2_common/pico_stdio_usb/reset_interface.c.o
                0x1000494c                tud_cdc_line_coding_cb
 .text.stdio_usb_set_chars_available_callback
                0x10004978       0x14 CMakeFiles/PicoCommunication.dir/home/emilklitgaard/pico-sdk/src/rp2_common/pico_stdio_usb/stdio_usb.c.o
                0x10004978                stdio_usb_set_chars_available_callback
 .text.usb_irq  0x1000498c       0x10 CMakeFiles/PicoCommunication.dir/home/emilklitgaard/pico-sdk/src/rp2_common/pico_stdio_usb/stdio_usb.c.o
 .text.timer_task
                0x1000499c       0x64 CMakeFiles/PicoCommunication.dir/home/emilklitgaard/pico-sdk/src/rp2_common/pico_stdio_usb/stdio_usb.c.o
 .text.stdio_usb_in_chars
                0x10004a00       0x90 CMakeFiles/PicoCommunication.dir/home/emilklitgaard/pico-sdk/src/rp2_common/pico_stdio_usb/stdio_usb.c.o
                0x10004a00                stdio_usb_in_chars
 .text.stdio_usb_out_flush
                0x10004a90       0x50 CMakeFiles/PicoCommunication.dir/home/emilklitgaard/pico-sdk/src/rp2_common/pico_stdio_usb/stdio_usb.c.o
 .text.stdio_usb_out_chars
                0x10004ae0      0x104 CMakeFiles/PicoCommunication.dir/home/emilklitgaard/pico-sdk/src/rp2_common/pico_stdio_usb/stdio_usb.c.o
 .text.low_priority_worker_irq
                0x10004be4       0xcc CMakeFiles/PicoCommunication.dir/home/emilklitgaard/pico-sdk/src/rp2_common/pico_stdio_usb/stdio_usb.c.o
 .text.stdio_usb_init
                0x10004cb0       0xec CMakeFiles/PicoCommunication.dir/home/emilklitgaard/pico-sdk/src/rp2_common/pico_stdio_usb/stdio_usb.c.o
                0x10004cb0                stdio_usb_init
 .text.stdio_usb_connected
                0x10004d9c        0xc CMakeFiles/PicoCommunication.dir/home/emilklitgaard/pico-sdk/src/rp2_common/pico_stdio_usb/stdio_usb.c.o
                0x10004d9c                stdio_usb_connected
 .text.tud_descriptor_device_cb
                0x10004da8        0x8 CMakeFiles/PicoCommunication.dir/home/emilklitgaard/pico-sdk/src/rp2_common/pico_stdio_usb/stdio_usb_descriptors.c.o
                0x10004da8                tud_descriptor_device_cb
 .text.tud_descriptor_configuration_cb
                0x10004db0        0x8 CMakeFiles/PicoCommunication.dir/home/emilklitgaard/pico-sdk/src/rp2_common/pico_stdio_usb/stdio_usb_descriptors.c.o
                0x10004db0                tud_descriptor_configuration_cb
 .text.tud_descriptor_string_cb
                0x10004db8       0x78 CMakeFiles/PicoCommunication.dir/home/emilklitgaard/pico-sdk/src/rp2_common/pico_stdio_usb/stdio_usb_descriptors.c.o
                0x10004db8                tud_descriptor_string_cb
 .text.startup._retrieve_unique_id_on_boot
                0x10004e30       0x10 CMakeFiles/PicoCommunication.dir/home/emilklitgaard/pico-sdk/src/rp2_common/pico_unique_id/unique_id.c.o
 .text.pico_get_unique_board_id_string
                0x10004e40      0x1a8 CMakeFiles/PicoCommunication.dir/home/emilklitgaard/pico-sdk/src/rp2_common/pico_unique_id/unique_id.c.o
                0x10004e40                pico_get_unique_board_id_string
 .text.flash_get_unique_id
                0x10004fe8       0x3c CMakeFiles/PicoCommunication.dir/home/emilklitgaard/pico-sdk/src/rp2_common/hardware_flash/flash.c.o
                0x10004fe8                flash_get_unique_id
 .text.dcd_init
                0x10005024       0x90 CMakeFiles/PicoCommunication.dir/home/emilklitgaard/pico-sdk/lib/tinyusb/src/portable/raspberrypi/rp2040/dcd_rp2040.c.o
                0x10005024                dcd_init
 .text.dcd_int_enable
                0x100050b4        0xc CMakeFiles/PicoCommunication.dir/home/emilklitgaard/pico-sdk/lib/tinyusb/src/portable/raspberrypi/rp2040/dcd_rp2040.c.o
                0x100050b4                dcd_int_enable
 .text.dcd_set_address
                0x100050c0       0x14 CMakeFiles/PicoCommunication.dir/home/emilklitgaard/pico-sdk/lib/tinyusb/src/portable/raspberrypi/rp2040/dcd_rp2040.c.o
                0x100050c0                dcd_set_address
 .text.dcd_sof_enable
                0x100050d4       0x1c CMakeFiles/PicoCommunication.dir/home/emilklitgaard/pico-sdk/lib/tinyusb/src/portable/raspberrypi/rp2040/dcd_rp2040.c.o
                0x100050d4                dcd_sof_enable
 .text.dcd_edpt0_status_complete
                0x100050f0       0x1c CMakeFiles/PicoCommunication.dir/home/emilklitgaard/pico-sdk/lib/tinyusb/src/portable/raspberrypi/rp2040/dcd_rp2040.c.o
                0x100050f0                dcd_edpt0_status_complete
 .text.dcd_edpt_open
                0x1000510c      0x114 CMakeFiles/PicoCommunication.dir/home/emilklitgaard/pico-sdk/lib/tinyusb/src/portable/raspberrypi/rp2040/dcd_rp2040.c.o
                0x1000510c                dcd_edpt_open
 .text.dcd_edpt_close_all
                0x10005220        0x8 CMakeFiles/PicoCommunication.dir/home/emilklitgaard/pico-sdk/lib/tinyusb/src/portable/raspberrypi/rp2040/dcd_rp2040.c.o
                0x10005220                dcd_edpt_close_all
 .text.dcd_edpt_xfer
                0x10005228       0x24 CMakeFiles/PicoCommunication.dir/home/emilklitgaard/pico-sdk/lib/tinyusb/src/portable/raspberrypi/rp2040/dcd_rp2040.c.o
                0x10005228                dcd_edpt_xfer
 .text.dcd_edpt_stall
                0x1000524c       0x34 CMakeFiles/PicoCommunication.dir/home/emilklitgaard/pico-sdk/lib/tinyusb/src/portable/raspberrypi/rp2040/dcd_rp2040.c.o
                0x1000524c                dcd_edpt_stall
 .text.dcd_edpt_clear_stall
                0x10005280       0x30 CMakeFiles/PicoCommunication.dir/home/emilklitgaard/pico-sdk/lib/tinyusb/src/portable/raspberrypi/rp2040/dcd_rp2040.c.o
                0x10005280                dcd_edpt_clear_stall
 .text.rp2040_usb_init
                0x100052b0       0x40 CMakeFiles/PicoCommunication.dir/home/emilklitgaard/pico-sdk/lib/tinyusb/src/portable/raspberrypi/rp2040/rp2040_usb.c.o
                0x100052b0                rp2040_usb_init
 .text.hw_endpoint_xfer_start
                0x100052f0       0x40 CMakeFiles/PicoCommunication.dir/home/emilklitgaard/pico-sdk/lib/tinyusb/src/portable/raspberrypi/rp2040/rp2040_usb.c.o
                0x100052f0                hw_endpoint_xfer_start
 .text.tud_event_hook_cb
                0x10005330        0x4 CMakeFiles/PicoCommunication.dir/home/emilklitgaard/pico-sdk/lib/tinyusb/src/device/usbd.c.o
                0x10005330                tud_event_hook_cb
 .text.tud_sof_cb
                0x10005334        0x4 CMakeFiles/PicoCommunication.dir/home/emilklitgaard/pico-sdk/lib/tinyusb/src/device/usbd.c.o
                0x10005334                tud_sof_cb
 .text.tud_descriptor_device_qualifier_cb
                0x10005338        0x4 CMakeFiles/PicoCommunication.dir/home/emilklitgaard/pico-sdk/lib/tinyusb/src/device/usbd.c.o
                0x10005338                tud_descriptor_device_qualifier_cb
 .text.tud_descriptor_other_speed_configuration_cb
                0x1000533c        0x4 CMakeFiles/PicoCommunication.dir/home/emilklitgaard/pico-sdk/lib/tinyusb/src/device/usbd.c.o
                0x1000533c                tud_descriptor_other_speed_configuration_cb
 .text.tud_mount_cb
                0x10005340        0x4 CMakeFiles/PicoCommunication.dir/home/emilklitgaard/pico-sdk/lib/tinyusb/src/device/usbd.c.o
                0x10005340                tud_mount_cb
 .text.tud_umount_cb
                0x10005344        0x4 CMakeFiles/PicoCommunication.dir/home/emilklitgaard/pico-sdk/lib/tinyusb/src/device/usbd.c.o
                0x10005344                tud_umount_cb
 .text.tud_suspend_cb
                0x10005348        0x4 CMakeFiles/PicoCommunication.dir/home/emilklitgaard/pico-sdk/lib/tinyusb/src/device/usbd.c.o
                0x10005348                tud_suspend_cb
 .text.tud_resume_cb
                0x1000534c        0x4 CMakeFiles/PicoCommunication.dir/home/emilklitgaard/pico-sdk/lib/tinyusb/src/device/usbd.c.o
                0x1000534c                tud_resume_cb
 .text.tud_mounted
                0x10005350       0x10 CMakeFiles/PicoCommunication.dir/home/emilklitgaard/pico-sdk/lib/tinyusb/src/device/usbd.c.o
                0x10005350                tud_mounted
 .text.tud_suspended
                0x10005360       0x10 CMakeFiles/PicoCommunication.dir/home/emilklitgaard/pico-sdk/lib/tinyusb/src/device/usbd.c.o
                0x10005360                tud_suspended
 .text.tud_rhport_init
                0x10005370       0xfc CMakeFiles/PicoCommunication.dir/home/emilklitgaard/pico-sdk/lib/tinyusb/src/device/usbd.c.o
                0x10005370                tud_rhport_init
 .text.tud_task_ext
                0x1000546c      0x800 CMakeFiles/PicoCommunication.dir/home/emilklitgaard/pico-sdk/lib/tinyusb/src/device/usbd.c.o
                0x1000546c                tud_task_ext
 .text.usbd_open_edpt_pair
                0x10005c6c       0x9c CMakeFiles/PicoCommunication.dir/home/emilklitgaard/pico-sdk/lib/tinyusb/src/device/usbd.c.o
                0x10005c6c                usbd_open_edpt_pair
 .text.usbd_edpt_open
                0x10005d08       0x34 CMakeFiles/PicoCommunication.dir/home/emilklitgaard/pico-sdk/lib/tinyusb/src/device/usbd.c.o
                0x10005d08                usbd_edpt_open
 .text.usbd_edpt_claim
                0x10005d3c       0x28 CMakeFiles/PicoCommunication.dir/home/emilklitgaard/pico-sdk/lib/tinyusb/src/device/usbd.c.o
                0x10005d3c                usbd_edpt_claim
 .text.usbd_edpt_release
                0x10005d64       0x28 CMakeFiles/PicoCommunication.dir/home/emilklitgaard/pico-sdk/lib/tinyusb/src/device/usbd.c.o
                0x10005d64                usbd_edpt_release
 .text.usbd_edpt_xfer
                0x10005d8c       0x4c CMakeFiles/PicoCommunication.dir/home/emilklitgaard/pico-sdk/lib/tinyusb/src/device/usbd.c.o
                0x10005d8c                usbd_edpt_xfer
 .text.tud_control_status
                0x10005dd8       0x2c CMakeFiles/PicoCommunication.dir/home/emilklitgaard/pico-sdk/lib/tinyusb/src/device/usbd_control.c.o
                0x10005dd8                tud_control_status
 .text.tud_control_xfer
                0x10005e04       0xac CMakeFiles/PicoCommunication.dir/home/emilklitgaard/pico-sdk/lib/tinyusb/src/device/usbd_control.c.o
                0x10005e04                tud_control_xfer
 .text.usbd_control_reset
                0x10005eb0       0x14 CMakeFiles/PicoCommunication.dir/home/emilklitgaard/pico-sdk/lib/tinyusb/src/device/usbd_control.c.o
                0x10005eb0                usbd_control_reset
 .text.usbd_control_set_complete_callback
                0x10005ec4        0xc CMakeFiles/PicoCommunication.dir/home/emilklitgaard/pico-sdk/lib/tinyusb/src/device/usbd_control.c.o
                0x10005ec4                usbd_control_set_complete_callback
 .text.usbd_control_set_request
                0x10005ed0       0x1c CMakeFiles/PicoCommunication.dir/home/emilklitgaard/pico-sdk/lib/tinyusb/src/device/usbd_control.c.o
                0x10005ed0                usbd_control_set_request
 .text.usbd_control_xfer_cb
                0x10005eec       0xec CMakeFiles/PicoCommunication.dir/home/emilklitgaard/pico-sdk/lib/tinyusb/src/device/usbd_control.c.o
                0x10005eec                usbd_control_xfer_cb
 .text._prep_out_transaction.isra.0
                0x10005fd8       0x6c CMakeFiles/PicoCommunication.dir/home/emilklitgaard/pico-sdk/lib/tinyusb/src/class/cdc/cdc_device.c.o
 .text.tud_cdc_n_connected
                0x10006044       0x2c CMakeFiles/PicoCommunication.dir/home/emilklitgaard/pico-sdk/lib/tinyusb/src/class/cdc/cdc_device.c.o
                0x10006044                tud_cdc_n_connected
 .text.tud_cdc_n_available
                0x10006070       0x14 CMakeFiles/PicoCommunication.dir/home/emilklitgaard/pico-sdk/lib/tinyusb/src/class/cdc/cdc_device.c.o
                0x10006070                tud_cdc_n_available
 .text.tud_cdc_n_read
                0x10006084       0x94 CMakeFiles/PicoCommunication.dir/home/emilklitgaard/pico-sdk/lib/tinyusb/src/class/cdc/cdc_device.c.o
                0x10006084                tud_cdc_n_read
 .text.tud_cdc_n_write_flush
                0x10006118       0x74 CMakeFiles/PicoCommunication.dir/home/emilklitgaard/pico-sdk/lib/tinyusb/src/class/cdc/cdc_device.c.o
                0x10006118                tud_cdc_n_write_flush
 .text.tud_cdc_n_write
                0x1000618c       0x40 CMakeFiles/PicoCommunication.dir/home/emilklitgaard/pico-sdk/lib/tinyusb/src/class/cdc/cdc_device.c.o
                0x1000618c                tud_cdc_n_write
 .text.tud_cdc_n_write_available
                0x100061cc       0x14 CMakeFiles/PicoCommunication.dir/home/emilklitgaard/pico-sdk/lib/tinyusb/src/class/cdc/cdc_device.c.o
                0x100061cc                tud_cdc_n_write_available
 .text.cdcd_init
                0x100061e0       0x70 CMakeFiles/PicoCommunication.dir/home/emilklitgaard/pico-sdk/lib/tinyusb/src/class/cdc/cdc_device.c.o
                0x100061e0                cdcd_init
 .text.cdcd_deinit
                0x10006250       0x34 CMakeFiles/PicoCommunication.dir/home/emilklitgaard/pico-sdk/lib/tinyusb/src/class/cdc/cdc_device.c.o
                0x10006250                cdcd_deinit
 .text.cdcd_reset
                0x10006284       0x4c CMakeFiles/PicoCommunication.dir/home/emilklitgaard/pico-sdk/lib/tinyusb/src/class/cdc/cdc_device.c.o
                0x10006284                cdcd_reset
 .text.cdcd_open
                0x100062d0       0xa8 CMakeFiles/PicoCommunication.dir/home/emilklitgaard/pico-sdk/lib/tinyusb/src/class/cdc/cdc_device.c.o
                0x100062d0                cdcd_open
 .text.cdcd_control_xfer_cb
                0x10006378       0xe8 CMakeFiles/PicoCommunication.dir/home/emilklitgaard/pico-sdk/lib/tinyusb/src/class/cdc/cdc_device.c.o
                0x10006378                cdcd_control_xfer_cb
 .text.cdcd_xfer_cb
                0x10006460      0x100 CMakeFiles/PicoCommunication.dir/home/emilklitgaard/pico-sdk/lib/tinyusb/src/class/cdc/cdc_device.c.o
                0x10006460                cdcd_xfer_cb
 .text.vendord_init
                0x10006560       0x5c CMakeFiles/PicoCommunication.dir/home/emilklitgaard/pico-sdk/lib/tinyusb/src/class/vendor/vendor_device.c.o
                0x10006560                vendord_init
 .text.vendord_deinit
                0x100065bc       0x1c CMakeFiles/PicoCommunication.dir/home/emilklitgaard/pico-sdk/lib/tinyusb/src/class/vendor/vendor_device.c.o
                0x100065bc                vendord_deinit
 .text.vendord_reset
                0x100065d8       0x28 CMakeFiles/PicoCommunication.dir/home/emilklitgaard/pico-sdk/lib/tinyusb/src/class/vendor/vendor_device.c.o
                0x100065d8                vendord_reset
 .text.vendord_open
                0x10006600      0x128 CMakeFiles/PicoCommunication.dir/home/emilklitgaard/pico-sdk/lib/tinyusb/src/class/vendor/vendor_device.c.o
                0x10006600                vendord_open
 .text.vendord_xfer_cb
                0x10006728       0x9c CMakeFiles/PicoCommunication.dir/home/emilklitgaard/pico-sdk/lib/tinyusb/src/class/vendor/vendor_device.c.o
                0x10006728                vendord_xfer_cb
 .text.tusb_rhport_init
                0x100067c4       0x48 CMakeFiles/PicoCommunication.dir/home/emilklitgaard/pico-sdk/lib/tinyusb/src/tusb.c.o
                0x100067c4                tusb_rhport_init
 .text.tu_edpt_claim
                0x1000680c       0x50 CMakeFiles/PicoCommunication.dir/home/emilklitgaard/pico-sdk/lib/tinyusb/src/tusb.c.o
                0x1000680c                tu_edpt_claim
 .text.tu_edpt_release
                0x1000685c       0x38 CMakeFiles/PicoCommunication.dir/home/emilklitgaard/pico-sdk/lib/tinyusb/src/tusb.c.o
                0x1000685c                tu_edpt_release
 .text.tu_edpt_validate
                0x10006894       0x7c CMakeFiles/PicoCommunication.dir/home/emilklitgaard/pico-sdk/lib/tinyusb/src/tusb.c.o
                0x10006894                tu_edpt_validate
 .text.tu_edpt_bind_driver
                0x10006910       0x34 CMakeFiles/PicoCommunication.dir/home/emilklitgaard/pico-sdk/lib/tinyusb/src/tusb.c.o
                0x10006910                tu_edpt_bind_driver
 .text.tu_edpt_stream_init
                0x10006944       0x6c CMakeFiles/PicoCommunication.dir/home/emilklitgaard/pico-sdk/lib/tinyusb/src/tusb.c.o
                0x10006944                tu_edpt_stream_init
 .text.tu_edpt_stream_deinit
                0x100069b0        0x4 CMakeFiles/PicoCommunication.dir/home/emilklitgaard/pico-sdk/lib/tinyusb/src/tusb.c.o
                0x100069b0                tu_edpt_stream_deinit
 .text.tu_edpt_stream_write_zlp_if_needed
                0x100069b4       0x68 CMakeFiles/PicoCommunication.dir/home/emilklitgaard/pico-sdk/lib/tinyusb/src/tusb.c.o
                0x100069b4                tu_edpt_stream_write_zlp_if_needed
 .text.tu_edpt_stream_write_xfer
                0x10006a1c       0x64 CMakeFiles/PicoCommunication.dir/home/emilklitgaard/pico-sdk/lib/tinyusb/src/tusb.c.o
                0x10006a1c                tu_edpt_stream_write_xfer
 .text.tu_edpt_stream_read_xfer
                0x10006a80       0xdc CMakeFiles/PicoCommunication.dir/home/emilklitgaard/pico-sdk/lib/tinyusb/src/tusb.c.o
                0x10006a80                tu_edpt_stream_read_xfer
 .text.tu_fifo_config
                0x10006b5c       0x6c CMakeFiles/PicoCommunication.dir/home/emilklitgaard/pico-sdk/lib/tinyusb/src/common/tusb_fifo.c.o
                0x10006b5c                tu_fifo_config
 .text.tu_fifo_count
                0x10006bc8       0x2c CMakeFiles/PicoCommunication.dir/home/emilklitgaard/pico-sdk/lib/tinyusb/src/common/tusb_fifo.c.o
                0x10006bc8                tu_fifo_count
 .text.tu_fifo_empty
                0x10006bf4       0x10 CMakeFiles/PicoCommunication.dir/home/emilklitgaard/pico-sdk/lib/tinyusb/src/common/tusb_fifo.c.o
                0x10006bf4                tu_fifo_empty
 .text.tu_fifo_remaining
                0x10006c04       0x2c CMakeFiles/PicoCommunication.dir/home/emilklitgaard/pico-sdk/lib/tinyusb/src/common/tusb_fifo.c.o
                0x10006c04                tu_fifo_remaining
 .text.tu_fifo_read
                0x10006c30       0x9c CMakeFiles/PicoCommunication.dir/home/emilklitgaard/pico-sdk/lib/tinyusb/src/common/tusb_fifo.c.o
                0x10006c30                tu_fifo_read
 .text.tu_fifo_read_n
                0x10006ccc       0xe8 CMakeFiles/PicoCommunication.dir/home/emilklitgaard/pico-sdk/lib/tinyusb/src/common/tusb_fifo.c.o
                0x10006ccc                tu_fifo_read_n
 .text.tu_fifo_write
                0x10006db4       0xa8 CMakeFiles/PicoCommunication.dir/home/emilklitgaard/pico-sdk/lib/tinyusb/src/common/tusb_fifo.c.o
                0x10006db4                tu_fifo_write
 .text.tu_fifo_write_n
                0x10006e5c      0x178 CMakeFiles/PicoCommunication.dir/home/emilklitgaard/pico-sdk/lib/tinyusb/src/common/tusb_fifo.c.o
                0x10006e5c                tu_fifo_write_n
 .text.tu_fifo_clear
                0x10006fd4       0x40 CMakeFiles/PicoCommunication.dir/home/emilklitgaard/pico-sdk/lib/tinyusb/src/common/tusb_fifo.c.o
                0x10006fd4                tu_fifo_clear
 .text.tu_fifo_set_overwritable
                0x10007014       0x48 CMakeFiles/PicoCommunication.dir/home/emilklitgaard/pico-sdk/lib/tinyusb/src/common/tusb_fifo.c.o
                0x10007014                tu_fifo_set_overwritable
 .text.adc_init
                0x1000705c       0x38 CMakeFiles/PicoCommunication.dir/home/emilklitgaard/pico-sdk/src/rp2_common/hardware_adc/adc.c.o
                0x1000705c                adc_init
 .text.unlikely._ZSt19__throw_logic_errorPKc
                0x10007094       0x30 /usr/lib/gcc/arm-none-eabi/13.2.1/../../../arm-none-eabi/lib/thumb/v6-m/nofp/libstdc++.a(functexcept.o)
                0x10007094                std::__throw_logic_error(char const*)
 .text.unlikely._ZSt20__throw_length_errorPKc
                0x100070c4       0x30 /usr/lib/gcc/arm-none-eabi/13.2.1/../../../arm-none-eabi/lib/thumb/v6-m/nofp/libstdc++.a(functexcept.o)
                0x100070c4                std::__throw_length_error(char const*)
 .text._ZN12_GLOBAL__N_14pool4freeEPv.constprop.0
                0x100070f4       0x6c /usr/lib/gcc/arm-none-eabi/13.2.1/../../../arm-none-eabi/lib/thumb/v6-m/nofp/libstdc++.a(eh_alloc.o)
 .text._ZN12_GLOBAL__N_14pool8allocateEj.constprop.0
                0x10007160       0x50 /usr/lib/gcc/arm-none-eabi/13.2.1/../../../arm-none-eabi/lib/thumb/v6-m/nofp/libstdc++.a(eh_alloc.o)
 .text.__cxa_allocate_exception
                0x100071b0       0x2c /usr/lib/gcc/arm-none-eabi/13.2.1/../../../arm-none-eabi/lib/thumb/v6-m/nofp/libstdc++.a(eh_alloc.o)
                0x100071b0                __cxa_allocate_exception
 .text.__cxa_free_exception
                0x100071dc       0x24 /usr/lib/gcc/arm-none-eabi/13.2.1/../../../arm-none-eabi/lib/thumb/v6-m/nofp/libstdc++.a(eh_alloc.o)
                0x100071dc                __cxa_free_exception
 .text.startup._GLOBAL__sub_I__ZN9__gnu_cxx9__freeresEv
                0x10007200      0x10c /usr/lib/gcc/arm-none-eabi/13.2.1/../../../arm-none-eabi/lib/thumb/v6-m/nofp/libstdc++.a(eh_alloc.o)
 .text.__cxa_end_cleanup
                0x1000730c        0xc /usr/lib/gcc/arm-none-eabi/13.2.1/../../../arm-none-eabi/lib/thumb/v6-m/nofp/libstdc++.a(eh_arm.o)
                0x1000730c                __cxa_end_cleanup
 .text.__cxa_type_match
                0x10007318       0xc0 /usr/lib/gcc/arm-none-eabi/13.2.1/../../../arm-none-eabi/lib/thumb/v6-m/nofp/libstdc++.a(eh_arm.o)
                0x10007318                __cxa_type_match
 .text.__cxa_begin_cleanup
                0x100073d8       0x60 /usr/lib/gcc/arm-none-eabi/13.2.1/../../../arm-none-eabi/lib/thumb/v6-m/nofp/libstdc++.a(eh_arm.o)
                0x100073d8                __cxa_begin_cleanup
 .text.__gnu_end_cleanup
                0x10007438       0x70 /usr/lib/gcc/arm-none-eabi/13.2.1/../../../arm-none-eabi/lib/thumb/v6-m/nofp/libstdc++.a(eh_arm.o)
                0x10007438                __gnu_end_cleanup
 .text._ZNSt9exceptionD2Ev
                0x100074a8        0x4 /usr/lib/gcc/arm-none-eabi/13.2.1/../../../arm-none-eabi/lib/thumb/v6-m/nofp/libstdc++.a(eh_exception.o)
                0x100074a8                std::exception::~exception()
                0x100074a8                std::exception::~exception()
 .text._ZNSt13bad_exceptionD2Ev
                0x100074ac        0x4 /usr/lib/gcc/arm-none-eabi/13.2.1/../../../arm-none-eabi/lib/thumb/v6-m/nofp/libstdc++.a(eh_exception.o)
                0x100074ac                std::bad_exception::~bad_exception()
                0x100074ac                std::bad_exception::~bad_exception()
 .text._ZNKSt13bad_exception4whatEv
                0x100074b0        0x8 /usr/lib/gcc/arm-none-eabi/13.2.1/../../../arm-none-eabi/lib/thumb/v6-m/nofp/libstdc++.a(eh_exception.o)
                0x100074b0                transaction clone for std::bad_exception::what() const
                0x100074b0                std::bad_exception::what() const
 .text._ZNSt13bad_exceptionD0Ev
                0x100074b8       0x10 /usr/lib/gcc/arm-none-eabi/13.2.1/../../../arm-none-eabi/lib/thumb/v6-m/nofp/libstdc++.a(eh_exception.o)
                0x100074b8                std::bad_exception::~bad_exception()
 .text.__cxa_get_globals_fast
                0x100074c8        0x8 /usr/lib/gcc/arm-none-eabi/13.2.1/../../../arm-none-eabi/lib/thumb/v6-m/nofp/libstdc++.a(eh_globals.o)
                0x100074c8                __cxa_get_globals_fast
 .text.__cxa_get_globals
                0x100074d0        0x8 /usr/lib/gcc/arm-none-eabi/13.2.1/../../../arm-none-eabi/lib/thumb/v6-m/nofp/libstdc++.a(eh_globals.o)
                0x100074d0                __cxa_get_globals
 .text._ZL28read_encoded_value_with_basehjPKhPj
                0x100074d8      0x104 /usr/lib/gcc/arm-none-eabi/13.2.1/../../../arm-none-eabi/lib/thumb/v6-m/nofp/libstdc++.a(eh_personality.o)
 .text._ZL21base_of_encoded_valuehP15_Unwind_Context
                0x100075dc       0x40 /usr/lib/gcc/arm-none-eabi/13.2.1/../../../arm-none-eabi/lib/thumb/v6-m/nofp/libstdc++.a(eh_personality.o)
 .text._ZL17parse_lsda_headerP15_Unwind_ContextPKhP16lsda_header_info
                0x1000761c       0x94 /usr/lib/gcc/arm-none-eabi/13.2.1/../../../arm-none-eabi/lib/thumb/v6-m/nofp/libstdc++.a(eh_personality.o)
 .text.__gxx_personality_v0
                0x100076b0      0x4b4 /usr/lib/gcc/arm-none-eabi/13.2.1/../../../arm-none-eabi/lib/thumb/v6-m/nofp/libstdc++.a(eh_personality.o)
                0x100076b0                __gxx_personality_v0
 .text._ZN10__cxxabiv111__terminateEPFvvE
                0x10007b64       0x10 /usr/lib/gcc/arm-none-eabi/13.2.1/../../../arm-none-eabi/lib/thumb/v6-m/nofp/libstdc++.a(eh_terminate.o)
                0x10007b64                __cxxabiv1::__terminate(void (*)())
 .text._ZSt9terminatev
                0x10007b74       0x10 /usr/lib/gcc/arm-none-eabi/13.2.1/../../../arm-none-eabi/lib/thumb/v6-m/nofp/libstdc++.a(eh_terminate.o)
                0x10007b74                std::terminate()
 .text._ZN10__cxxabiv112__unexpectedEPFvvE
                0x10007b84        0x8 /usr/lib/gcc/arm-none-eabi/13.2.1/../../../arm-none-eabi/lib/thumb/v6-m/nofp/libstdc++.a(eh_terminate.o)
                0x10007b84                __cxxabiv1::__unexpected(void (*)())
 .text._ZSt10unexpectedv
                0x10007b8c       0x10 /usr/lib/gcc/arm-none-eabi/13.2.1/../../../arm-none-eabi/lib/thumb/v6-m/nofp/libstdc++.a(eh_terminate.o)
                0x10007b8c                std::unexpected()
 .text._ZSt13get_terminatev
                0x10007b9c        0xc /usr/lib/gcc/arm-none-eabi/13.2.1/../../../arm-none-eabi/lib/thumb/v6-m/nofp/libstdc++.a(eh_terminate.o)
                0x10007b9c                std::get_terminate()
 .text._ZSt14get_unexpectedv
                0x10007ba8        0xc /usr/lib/gcc/arm-none-eabi/13.2.1/../../../arm-none-eabi/lib/thumb/v6-m/nofp/libstdc++.a(eh_terminate.o)
                0x10007ba8                std::get_unexpected()
 .text._ZL23__gxx_exception_cleanup19_Unwind_Reason_CodeP21_Unwind_Control_Block
                0x10007bb4       0x34 /usr/lib/gcc/arm-none-eabi/13.2.1/../../../arm-none-eabi/lib/thumb/v6-m/nofp/libstdc++.a(eh_throw.o)
 .text.__cxa_init_primary_exception
                0x10007be8       0x4c /usr/lib/gcc/arm-none-eabi/13.2.1/../../../arm-none-eabi/lib/thumb/v6-m/nofp/libstdc++.a(eh_throw.o)
                0x10007be8                __cxa_init_primary_exception
 .text.__cxa_throw
                0x10007c34       0x34 /usr/lib/gcc/arm-none-eabi/13.2.1/../../../arm-none-eabi/lib/thumb/v6-m/nofp/libstdc++.a(eh_throw.o)
                0x10007c34                __cxa_throw
 .text.__cxa_rethrow
                0x10007c68       0x70 /usr/lib/gcc/arm-none-eabi/13.2.1/../../../arm-none-eabi/lib/thumb/v6-m/nofp/libstdc++.a(eh_throw.o)
                0x10007c68                __cxa_rethrow
 .text._ZN10__cxxabiv120__si_class_type_infoD2Ev
                0x10007cd8       0x14 /usr/lib/gcc/arm-none-eabi/13.2.1/../../../arm-none-eabi/lib/thumb/v6-m/nofp/libstdc++.a(si_class_type_info.o)
                0x10007cd8                __cxxabiv1::__si_class_type_info::~__si_class_type_info()
                0x10007cd8                __cxxabiv1::__si_class_type_info::~__si_class_type_info()
 .text._ZN10__cxxabiv120__si_class_type_infoD0Ev
                0x10007cec       0x1c /usr/lib/gcc/arm-none-eabi/13.2.1/../../../arm-none-eabi/lib/thumb/v6-m/nofp/libstdc++.a(si_class_type_info.o)
                0x10007cec                __cxxabiv1::__si_class_type_info::~__si_class_type_info()
 .text._ZNK10__cxxabiv120__si_class_type_info20__do_find_public_srcEiPKvPKNS_17__class_type_infoES2_
                0x10007d08       0x38 /usr/lib/gcc/arm-none-eabi/13.2.1/../../../arm-none-eabi/lib/thumb/v6-m/nofp/libstdc++.a(si_class_type_info.o)
                0x10007d08                __cxxabiv1::__si_class_type_info::__do_find_public_src(int, void const*, __cxxabiv1::__class_type_info const*, void const*) const
 .text._ZNK10__cxxabiv120__si_class_type_info12__do_dyncastEiNS_17__class_type_info10__sub_kindEPKS1_PKvS4_S6_RNS1_16__dyncast_resultE
                0x10007d40       0x88 /usr/lib/gcc/arm-none-eabi/13.2.1/../../../arm-none-eabi/lib/thumb/v6-m/nofp/libstdc++.a(si_class_type_info.o)
                0x10007d40                __cxxabiv1::__si_class_type_info::__do_dyncast(int, __cxxabiv1::__class_type_info::__sub_kind, __cxxabiv1::__class_type_info const*, void const*, __cxxabiv1::__class_type_info const*, void const*, __cxxabiv1::__class_type_info::__dyncast_result&) const
 .text._ZNK10__cxxabiv120__si_class_type_info11__do_upcastEPKNS_17__class_type_infoEPKvRNS1_15__upcast_resultE
                0x10007dc8       0x24 /usr/lib/gcc/arm-none-eabi/13.2.1/../../../arm-none-eabi/lib/thumb/v6-m/nofp/libstdc++.a(si_class_type_info.o)
                0x10007dc8                __cxxabiv1::__si_class_type_info::__do_upcast(__cxxabiv1::__class_type_info const*, void const*, __cxxabiv1::__class_type_info::__upcast_result&) const
 .text._ZNSt9type_infoD2Ev
                0x10007dec        0x4 /usr/lib/gcc/arm-none-eabi/13.2.1/../../../arm-none-eabi/lib/thumb/v6-m/nofp/libstdc++.a(tinfo.o)
                0x10007dec                std::type_info::~type_info()
                0x10007dec                std::type_info::~type_info()
 .text._ZNKSt9type_info14__is_pointer_pEv
                0x10007df0        0x4 /usr/lib/gcc/arm-none-eabi/13.2.1/../../../arm-none-eabi/lib/thumb/v6-m/nofp/libstdc++.a(tinfo.o)
                0x10007df0                std::type_info::__is_function_p() const
                0x10007df0                std::type_info::__is_pointer_p() const
 .text._ZNKSt9type_infoeqERKS_
                0x10007df4       0x30 /usr/lib/gcc/arm-none-eabi/13.2.1/../../../arm-none-eabi/lib/thumb/v6-m/nofp/libstdc++.a(tinfo.o)
                0x10007df4                std::type_info::__equal(std::type_info const&) const
                0x10007df4                std::type_info::operator==(std::type_info const&) const
 .text._ZNKSt11logic_error4whatEv
                0x10007e24        0x4 /usr/lib/gcc/arm-none-eabi/13.2.1/../../../arm-none-eabi/lib/thumb/v6-m/nofp/libstdc++.a(stdexcept.o)
                0x10007e24                std::runtime_error::what() const
                0x10007e24                std::logic_error::what() const
 .text._ZNSt11logic_errorD2Ev
                0x10007e28       0x40 /usr/lib/gcc/arm-none-eabi/13.2.1/../../../arm-none-eabi/lib/thumb/v6-m/nofp/libstdc++.a(stdexcept.o)
                0x10007e28                std::logic_error::~logic_error()
                0x10007e28                std::logic_error::~logic_error()
 .text._ZNSt12length_errorD2Ev
                0x10007e68       0x40 /usr/lib/gcc/arm-none-eabi/13.2.1/../../../arm-none-eabi/lib/thumb/v6-m/nofp/libstdc++.a(stdexcept.o)
                0x10007e68                std::length_error::~length_error()
                0x10007e68                std::length_error::~length_error()
 .text._ZNSt11logic_errorD0Ev
                0x10007ea8       0x44 /usr/lib/gcc/arm-none-eabi/13.2.1/../../../arm-none-eabi/lib/thumb/v6-m/nofp/libstdc++.a(stdexcept.o)
                0x10007ea8                std::logic_error::~logic_error()
 .text._ZNSt12length_errorD0Ev
                0x10007eec       0x44 /usr/lib/gcc/arm-none-eabi/13.2.1/../../../arm-none-eabi/lib/thumb/v6-m/nofp/libstdc++.a(stdexcept.o)
                0x10007eec                std::length_error::~length_error()
 .text._ZNSt11logic_errorC2EPKc
                0x10007f30       0x88 /usr/lib/gcc/arm-none-eabi/13.2.1/../../../arm-none-eabi/lib/thumb/v6-m/nofp/libstdc++.a(cow-stdexcept.o)
                0x10007f30                std::logic_error::logic_error(char const*)
                0x10007f30                std::logic_error::logic_error(char const*)
 .text._ZNSt12length_errorC2EPKc
                0x10007fb8       0x14 /usr/lib/gcc/arm-none-eabi/13.2.1/../../../arm-none-eabi/lib/thumb/v6-m/nofp/libstdc++.a(cow-stdexcept.o)
                0x10007fb8                std::length_error::length_error(char const*)
                0x10007fb8                std::length_error::length_error(char const*)
 .text._ZNSs4_Rep9_S_createEjjRKSaIcE
                0x10007fcc       0x5c /usr/lib/gcc/arm-none-eabi/13.2.1/../../../arm-none-eabi/lib/thumb/v6-m/nofp/libstdc++.a(cow-string-inst.o)
                0x10007fcc                std::string::_Rep::_S_create(unsigned int, unsigned int, std::allocator<char> const&)
 .text._ZNSs4_Rep10_M_destroyERKSaIcE
                0x10008028        0x8 /usr/lib/gcc/arm-none-eabi/13.2.1/../../../arm-none-eabi/lib/thumb/v6-m/nofp/libstdc++.a(cow-string-inst.o)
                0x10008028                std::string::_Rep::_M_destroy(std::allocator<char> const&)
 .text._ZNK10__cxxabiv117__class_type_info11__do_upcastEPKS0_PPv
                0x10008030       0x34 /usr/lib/gcc/arm-none-eabi/13.2.1/../../../arm-none-eabi/lib/thumb/v6-m/nofp/libstdc++.a(class_type_info.o)
                0x10008030                __cxxabiv1::__class_type_info::__do_upcast(__cxxabiv1::__class_type_info const*, void**) const
 .text._ZNK10__cxxabiv117__class_type_info20__do_find_public_srcEiPKvPKS0_S2_
                0x10008064       0x14 /usr/lib/gcc/arm-none-eabi/13.2.1/../../../arm-none-eabi/lib/thumb/v6-m/nofp/libstdc++.a(class_type_info.o)
                0x10008064                __cxxabiv1::__class_type_info::__do_find_public_src(int, void const*, __cxxabiv1::__class_type_info const*, void const*) const
 .text._ZN10__cxxabiv117__class_type_infoD2Ev
                0x10008078       0x14 /usr/lib/gcc/arm-none-eabi/13.2.1/../../../arm-none-eabi/lib/thumb/v6-m/nofp/libstdc++.a(class_type_info.o)
                0x10008078                __cxxabiv1::__class_type_info::~__class_type_info()
                0x10008078                __cxxabiv1::__class_type_info::~__class_type_info()
 .text._ZN10__cxxabiv117__class_type_infoD0Ev
                0x1000808c       0x1c /usr/lib/gcc/arm-none-eabi/13.2.1/../../../arm-none-eabi/lib/thumb/v6-m/nofp/libstdc++.a(class_type_info.o)
                0x1000808c                __cxxabiv1::__class_type_info::~__class_type_info()
 .text._ZNK10__cxxabiv117__class_type_info12__do_dyncastEiNS0_10__sub_kindEPKS0_PKvS3_S5_RNS0_16__dyncast_resultE
                0x100080a8       0x40 /usr/lib/gcc/arm-none-eabi/13.2.1/../../../arm-none-eabi/lib/thumb/v6-m/nofp/libstdc++.a(class_type_info.o)
                0x100080a8                __cxxabiv1::__class_type_info::__do_dyncast(int, __cxxabiv1::__class_type_info::__sub_kind, __cxxabiv1::__class_type_info const*, void const*, __cxxabiv1::__class_type_info const*, void const*, __cxxabiv1::__class_type_info::__dyncast_result&) const
 .text._ZNK10__cxxabiv117__class_type_info11__do_upcastEPKS0_PKvRNS0_15__upcast_resultE
                0x100080e8       0x1c /usr/lib/gcc/arm-none-eabi/13.2.1/../../../arm-none-eabi/lib/thumb/v6-m/nofp/libstdc++.a(class_type_info.o)
                0x100080e8                __cxxabiv1::__class_type_info::__do_upcast(__cxxabiv1::__class_type_info const*, void const*, __cxxabiv1::__class_type_info::__upcast_result&) const
 .text._ZNK10__cxxabiv117__class_type_info10__do_catchEPKSt9type_infoPPvj
                0x10008104       0x24 /usr/lib/gcc/arm-none-eabi/13.2.1/../../../arm-none-eabi/lib/thumb/v6-m/nofp/libstdc++.a(class_type_info.o)
                0x10008104                __cxxabiv1::__class_type_info::__do_catch(std::type_info const*, void**, unsigned int) const
 .text._ZN10__cxxabiv1L24__is_gxx_exception_classEPc
                0x10008128       0x3c /usr/lib/gcc/arm-none-eabi/13.2.1/../../../arm-none-eabi/lib/thumb/v6-m/nofp/libstdc++.a(eh_call.o)
 .text.__cxa_call_terminate
                0x10008164       0x20 /usr/lib/gcc/arm-none-eabi/13.2.1/../../../arm-none-eabi/lib/thumb/v6-m/nofp/libstdc++.a(eh_call.o)
                0x10008164                __cxa_call_terminate
 .text.unlikely.__cxa_call_unexpected
                0x10008184       0xfc /usr/lib/gcc/arm-none-eabi/13.2.1/../../../arm-none-eabi/lib/thumb/v6-m/nofp/libstdc++.a(eh_call.o)
                0x10008184                __cxa_call_unexpected
 .text.__cxa_begin_catch
                0x10008280       0x74 /usr/lib/gcc/arm-none-eabi/13.2.1/../../../arm-none-eabi/lib/thumb/v6-m/nofp/libstdc++.a(eh_catch.o)
                0x10008280                __cxa_begin_catch
 .text.__cxa_end_catch
                0x100082f4       0x90 /usr/lib/gcc/arm-none-eabi/13.2.1/../../../arm-none-eabi/lib/thumb/v6-m/nofp/libstdc++.a(eh_catch.o)
                0x100082f4                __cxa_end_catch
 .text          0x10008384       0x30 /usr/lib/gcc/arm-none-eabi/13.2.1/../../../arm-none-eabi/lib/thumb/v6-m/nofp/libg.a(libc_a-getenv.o)
                0x10008384                _findenv
                0x1000839c                getenv
 .text          0x100083b4       0xc4 /usr/lib/gcc/arm-none-eabi/13.2.1/../../../arm-none-eabi/lib/thumb/v6-m/nofp/libg.a(libc_a-strchr.o)
                0x100083b4                strchr
 .text          0x10008478       0x88 /usr/lib/gcc/arm-none-eabi/13.2.1/../../../arm-none-eabi/lib/thumb/v6-m/nofp/libg.a(libc_a-strcmp.o)
                0x10008478                strcmp
 .text          0x10008500      0x17c /usr/lib/gcc/arm-none-eabi/13.2.1/../../../arm-none-eabi/lib/thumb/v6-m/nofp/libg.a(libc_a-strtoul.o)
                0x10008644                _strtoul_r
                0x1000864c                strtoul_l
                0x10008664                strtoul
 .text          0x1000867c       0xb0 /usr/lib/gcc/arm-none-eabi/13.2.1/../../../arm-none-eabi/lib/thumb/v6-m/nofp/libg.a(libc_a-memmove.o)
                0x1000867c                memmove
 .text          0x1000872c        0xc /usr/lib/gcc/arm-none-eabi/13.2.1/../../../arm-none-eabi/lib/thumb/v6-m/nofp/libg.a(libc_a-errno.o)
                0x1000872c                __errno
 .text          0x10008738       0x10 /usr/lib/gcc/arm-none-eabi/13.2.1/../../../arm-none-eabi/lib/thumb/v6-m/nofp/libg.a(libc_a-abort.o)
                0x10008738                abort
 .text          0x10008748      0x5b4 /usr/lib/gcc/arm-none-eabi/13.2.1/../../../arm-none-eabi/lib/thumb/v6-m/nofp/libg.a(libc_a-mallocr.o)
                0x10008748                _malloc_r
 .text          0x10008cfc      0x288 /usr/lib/gcc/arm-none-eabi/13.2.1/../../../arm-none-eabi/lib/thumb/v6-m/nofp/libg.a(libc_a-freer.o)
                0x10008cfc                _malloc_trim_r
                0x10008db0                _free_r
 .text          0x10008f84       0x48 /usr/lib/gcc/arm-none-eabi/13.2.1/../../../arm-none-eabi/lib/thumb/v6-m/nofp/libg.a(libc_a-memcmp.o)
                0x10008f84                memcmp
 .text          0x10008fcc       0x28 /usr/lib/gcc/arm-none-eabi/13.2.1/../../../arm-none-eabi/lib/thumb/v6-m/nofp/libg.a(libc_a-malloc.o)
                0x10008fcc                malloc
                0x10008fe0                free
 .text          0x10008ff4       0x1c /usr/lib/gcc/arm-none-eabi/13.2.1/../../../arm-none-eabi/lib/thumb/v6-m/nofp/libg.a(libc_a-sysconf.o)
                0x10008ff4                sysconf
 .text          0x10009010       0x9c /usr/lib/gcc/arm-none-eabi/13.2.1/../../../arm-none-eabi/lib/thumb/v6-m/nofp/libg.a(libc_a-getenv_r.o)
                0x10009010                _findenv_r
                0x1000909c                _getenv_r
 .text          0x100090ac        0x8 /usr/lib/gcc/arm-none-eabi/13.2.1/../../../arm-none-eabi/lib/thumb/v6-m/nofp/libg.a(libc_a-mlock.o)
                0x100090ac                __malloc_lock
                0x100090b0                __malloc_unlock
 .text          0x100090b4       0x10 /usr/lib/gcc/arm-none-eabi/13.2.1/../../../arm-none-eabi/lib/thumb/v6-m/nofp/libg.a(libc_a-atexit.o)
                0x100090b4                atexit
 .text          0x100090c4       0x5c /usr/lib/gcc/arm-none-eabi/13.2.1/../../../arm-none-eabi/lib/thumb/v6-m/nofp/libg.a(libc_a-strlen-stub.o)
                0x100090c4                strlen
 .text          0x10009120       0x24 /usr/lib/gcc/arm-none-eabi/13.2.1/../../../arm-none-eabi/lib/thumb/v6-m/nofp/libg.a(libc_a-sbrkr.o)
                0x10009120                _sbrk_r
 .text          0x10009144      0x284 /usr/lib/gcc/arm-none-eabi/13.2.1/../../../arm-none-eabi/lib/thumb/v6-m/nofp/libg.a(libc_a-signal.o)
                0x10009144                _init_signal_r
                0x10009178                _signal_r
                0x100091c0                _raise_r
                0x10009218                __sigtramp_r
                0x10009278                raise
                0x100092d4                signal
                0x10009324                _init_signal
                0x10009360                __sigtramp
 .text          0x100093c8       0x28 /usr/lib/gcc/arm-none-eabi/13.2.1/../../../arm-none-eabi/lib/thumb/v6-m/nofp/libg.a(libc_a-fini.o)
                0x100093c8                __libc_fini_array
 .text          0x100093f0        0x8 /usr/lib/gcc/arm-none-eabi/13.2.1/../../../arm-none-eabi/lib/thumb/v6-m/nofp/libg.a(libc_a-envlock.o)
                0x100093f0                __env_lock
                0x100093f4                __env_unlock
 .text          0x100093f8       0x30 /usr/lib/gcc/arm-none-eabi/13.2.1/../../../arm-none-eabi/lib/thumb/v6-m/nofp/libg.a(libc_a-signalr.o)
                0x100093f8                _kill_r
                0x10009420                _getpid_r
 .text          0x10009428       0x74 /usr/lib/gcc/arm-none-eabi/13.2.1/../../../arm-none-eabi/lib/thumb/v6-m/nofp/libg.a(libc_a-strncmp.o)
                0x10009428                strncmp
 .text          0x1000949c       0x78 /usr/lib/gcc/arm-none-eabi/13.2.1/../../../arm-none-eabi/lib/thumb/v6-m/nofp/libg.a(libc_a-__atexit.o)
                0x1000949c                __register_exitproc
 .text.startup  0x10009514       0x18 /usr/lib/gcc/arm-none-eabi/13.2.1/../../../arm-none-eabi/lib/thumb/v6-m/nofp/libg.a(libc_a-__call_atexit.o)
 *(.fini)
 .fini          0x1000952c        0x4 /usr/lib/gcc/arm-none-eabi/13.2.1/thumb/v6-m/nofp/crti.o
                0x1000952c                _fini
 .fini.__stub   0x10009530      0x180 linker stubs
 *crtbegin.o(.ctors)
 *crtbegin?.o(.ctors)
 *(EXCLUDE_FILE(*crtend.o *crtend?.o) .ctors)
 *(SORT_BY_NAME(.ctors.*))
 *(.ctors)
 *crtbegin.o(.dtors)
 *crtbegin?.o(.dtors)
 *(EXCLUDE_FILE(*crtend.o *crtend?.o) .dtors)
 *(SORT_BY_NAME(.dtors.*))
 *(.dtors)
                0x100096b0                        . = ALIGN (0x4)
                0x100096b0                        PROVIDE (__preinit_array_start = .)
 *(SORT_BY_NAME(.preinit_array.*))
 .preinit_array.00100
                0x100096b0        0x4 CMakeFiles/PicoCommunication.dir/home/emilklitgaard/pico-sdk/src/rp2_common/pico_runtime_init/runtime_init.c.o
                0x100096b0                __pre_init_runtime_init_early_resets
 .preinit_array.00101
                0x100096b4        0x4 CMakeFiles/PicoCommunication.dir/home/emilklitgaard/pico-sdk/src/rp2_common/pico_runtime_init/runtime_init.c.o
                0x100096b4                __pre_init_runtime_init_usb_power_down
 .preinit_array.00275
                0x100096b8        0x4 CMakeFiles/PicoCommunication.dir/home/emilklitgaard/pico-sdk/src/rp2_common/pico_bit_ops/bit_ops_aeabi.S.o
 .preinit_array.00300
                0x100096bc        0x4 CMakeFiles/PicoCommunication.dir/home/emilklitgaard/pico-sdk/src/rp2_common/pico_mem_ops/mem_ops_aeabi.S.o
 .preinit_array.00350
                0x100096c0        0x4 CMakeFiles/PicoCommunication.dir/home/emilklitgaard/pico-sdk/src/rp2_common/pico_double/double_aeabi_rp2040.S.o
 .preinit_array.00350
                0x100096c4        0x4 CMakeFiles/PicoCommunication.dir/home/emilklitgaard/pico-sdk/src/rp2_common/pico_float/float_aeabi_rp2040.S.o
 .preinit_array.00500
                0x100096c8        0x4 CMakeFiles/PicoCommunication.dir/home/emilklitgaard/pico-sdk/src/rp2_common/pico_runtime_init/runtime_init.c.o
                0x100096c8                __pre_init_runtime_init_clocks
 .preinit_array.00600
                0x100096cc        0x4 CMakeFiles/PicoCommunication.dir/home/emilklitgaard/pico-sdk/src/rp2_common/pico_runtime_init/runtime_init.c.o
                0x100096cc                __pre_init_runtime_init_post_clock_resets
 .preinit_array.00700
                0x100096d0        0x4 CMakeFiles/PicoCommunication.dir/home/emilklitgaard/pico-sdk/src/rp2_common/pico_runtime_init/runtime_init.c.o
                0x100096d0                __pre_init_runtime_init_rp2040_gpio_ie_disable
 .preinit_array.01000
                0x100096d4        0x4 CMakeFiles/PicoCommunication.dir/home/emilklitgaard/pico-sdk/src/rp2_common/pico_runtime_init/runtime_init.c.o
                0x100096d4                __pre_init_runtime_init_spin_locks_reset
 .preinit_array.01100
                0x100096d8        0x4 CMakeFiles/PicoCommunication.dir/home/emilklitgaard/pico-sdk/src/common/pico_sync/mutex.c.o
                0x100096d8                __pre_init_runtime_init_mutex
 .preinit_array.10080
                0x100096dc        0x4 CMakeFiles/PicoCommunication.dir/home/emilklitgaard/pico-sdk/src/rp2_common/pico_runtime_init/runtime_init.c.o
                0x100096dc                __pre_init_runtime_init_install_ram_vector_table
 .preinit_array.11000
                0x100096e0        0x4 CMakeFiles/PicoCommunication.dir/home/emilklitgaard/pico-sdk/src/common/pico_time/time.c.o
                0x100096e0                __pre_init_runtime_init_default_alarm_pool
 .preinit_array.YYYYY
                0x100096e4        0x4 CMakeFiles/PicoCommunication.dir/home/emilklitgaard/pico-sdk/src/rp2_common/pico_runtime/runtime.c.o
                0x100096e4                __pre_init_first_per_core_initializer
 .preinit_array.ZZZZZ.01200
                0x100096e8        0x4 CMakeFiles/PicoCommunication.dir/home/emilklitgaard/pico-sdk/src/rp2_common/hardware_irq/irq.c.o
                0x100096e8                __pre_init_runtime_init_per_core_irq_priorities
 *(.preinit_array)
                0x100096ec                        PROVIDE (__preinit_array_end = .)
                0x100096ec                        . = ALIGN (0x4)
                0x100096ec                        PROVIDE (__init_array_start = .)
 *(SORT_BY_NAME(.init_array.*))
 .init_array.00000
                0x100096ec        0x4 /usr/lib/gcc/arm-none-eabi/13.2.1/../../../arm-none-eabi/lib/thumb/v6-m/nofp/libg.a(libc_a-__call_atexit.o)
 *(.init_array)
 .init_array    0x100096f0        0x4 /usr/lib/gcc/arm-none-eabi/13.2.1/thumb/v6-m/nofp/crtbegin.o
 .init_array    0x100096f4        0x4 CMakeFiles/PicoCommunication.dir/home/emilklitgaard/pico-sdk/src/rp2_common/pico_unique_id/unique_id.c.o
 .init_array    0x100096f8        0x4 /usr/lib/gcc/arm-none-eabi/13.2.1/../../../arm-none-eabi/lib/thumb/v6-m/nofp/libstdc++.a(eh_alloc.o)
                0x100096fc                        PROVIDE (__init_array_end = .)
                0x100096fc                        . = ALIGN (0x4)
                0x100096fc                        PROVIDE (__fini_array_start = .)
 *(SORT_BY_NAME(.fini_array.*))
 *(.fini_array)
                0x100096fc                        PROVIDE (__fini_array_end = .)
 *(.eh_frame*)
 .eh_frame      0x100096fc        0x0 /usr/lib/gcc/arm-none-eabi/13.2.1/thumb/v6-m/nofp/crtbegin.o
                0x100096fc                        . = ALIGN (0x4)

.glue_7         0x100096fc        0x0
 .glue_7        0x100096fc        0x0 linker stubs

.glue_7t        0x100096fc        0x0
 .glue_7t       0x100096fc        0x0 linker stubs

.vfp11_veneer   0x100096fc        0x0
 .vfp11_veneer  0x100096fc        0x0 linker stubs

.v4_bx          0x100096fc        0x0
 .v4_bx         0x100096fc        0x0 linker stubs

.iplt           0x100096fc        0x0
 .iplt          0x100096fc        0x0 /usr/lib/gcc/arm-none-eabi/13.2.1/thumb/v6-m/nofp/crtbegin.o

.rodata         0x10009700      0xa2c
 *(EXCLUDE_FILE(*libm.a: *libc.a:*lib_a-mem*.o *libgcc.a:) .rodata*)
 .rodata._ZNSt6vectorIfSaIfEE17_M_realloc_insertIJRKfEEEvN9__gnu_cxx17__normal_iteratorIPfS1_EEDpOT_.str1.4
                0x10009700      0x26c CMakeFiles/PicoCommunication.dir/main.cpp.o
                                 0x1a (size before relaxing)
 .rodata._Z12closeGripperv.str1.4
                0x1000996c       0x11 CMakeFiles/PicoCommunication.dir/main.cpp.o
 .rodata.main.str1.4
                0x1000996c       0x1d CMakeFiles/PicoCommunication.dir/main.cpp.o
 .rodata.panic.str1.4
                0x1000996c       0x12 CMakeFiles/PicoCommunication.dir/home/emilklitgaard/pico-sdk/src/rp2_common/pico_platform_panic/panic.c.o
 .rodata.spin_lock_claim_unused.str1.4
                0x1000996c       0x1b CMakeFiles/PicoCommunication.dir/home/emilklitgaard/pico-sdk/src/rp2_common/hardware_sync/sync.c.o
 .rodata.user_irq_claim_unused.str1.4
                0x1000996c       0x1b CMakeFiles/PicoCommunication.dir/home/emilklitgaard/pico-sdk/src/rp2_common/hardware_irq/irq.c.o
 *fill*         0x1000996c        0x4 
 .rodata.at_the_end_of_time
                0x10009970        0x8 CMakeFiles/PicoCommunication.dir/home/emilklitgaard/pico-sdk/src/common/pico_time/time.c.o
                0x10009970                at_the_end_of_time
 .rodata.timer_hardware_alarm_claim.str1.4
                0x10009978       0x22 CMakeFiles/PicoCommunication.dir/home/emilklitgaard/pico-sdk/src/rp2_common/hardware_timer/timer.c.o
 .rodata.hard_assertion_failure.str1.4
                0x10009978        0xc CMakeFiles/PicoCommunication.dir/home/emilklitgaard/pico-sdk/src/rp2_common/pico_runtime/runtime.c.o
 .rodata.__wrap_malloc.str1.4
                0x10009978        0xe CMakeFiles/PicoCommunication.dir/home/emilklitgaard/pico-sdk/src/rp2_common/pico_malloc/malloc.c.o
 .rodata.str1.4
                0x10009978       0x48 CMakeFiles/PicoCommunication.dir/home/emilklitgaard/pico-sdk/src/rp2_common/pico_standard_binary_info/standard_binary_info.c.o
 .rodata.__bi_84
                0x10009978        0xc CMakeFiles/PicoCommunication.dir/home/emilklitgaard/pico-sdk/src/rp2_common/pico_standard_binary_info/standard_binary_info.c.o
 .rodata.__bi_78
                0x10009984        0xc CMakeFiles/PicoCommunication.dir/home/emilklitgaard/pico-sdk/src/rp2_common/pico_standard_binary_info/standard_binary_info.c.o
 .rodata.__bi_54
                0x10009990        0xc CMakeFiles/PicoCommunication.dir/home/emilklitgaard/pico-sdk/src/rp2_common/pico_standard_binary_info/standard_binary_info.c.o
 .rodata.__bi_48
                0x1000999c        0xc CMakeFiles/PicoCommunication.dir/home/emilklitgaard/pico-sdk/src/rp2_common/pico_standard_binary_info/standard_binary_info.c.o
 .rodata.__bi_42
                0x100099a8        0xc CMakeFiles/PicoCommunication.dir/home/emilklitgaard/pico-sdk/src/rp2_common/pico_standard_binary_info/standard_binary_info.c.o
 .rodata.__bi_34
                0x100099b4        0xc CMakeFiles/PicoCommunication.dir/home/emilklitgaard/pico-sdk/src/rp2_common/pico_standard_binary_info/standard_binary_info.c.o
 .rodata.__bi_26
                0x100099c0        0xc CMakeFiles/PicoCommunication.dir/home/emilklitgaard/pico-sdk/src/rp2_common/pico_standard_binary_info/standard_binary_info.c.o
 .rodata._ftoa.str1.4
                0x100099cc       0x15 CMakeFiles/PicoCommunication.dir/home/emilklitgaard/pico-sdk/src/rp2_common/pico_printf/printf.c.o
 .rodata._vsnprintf
                0x100099cc      0x19c CMakeFiles/PicoCommunication.dir/home/emilklitgaard/pico-sdk/src/rp2_common/pico_printf/printf.c.o
 .rodata.pow10.0
                0x10009b68       0x50 CMakeFiles/PicoCommunication.dir/home/emilklitgaard/pico-sdk/src/rp2_common/pico_printf/printf.c.o
 .rodata.crlf_str.0
                0x10009bb8        0x2 CMakeFiles/PicoCommunication.dir/home/emilklitgaard/pico-sdk/src/rp2_common/pico_stdio/stdio.c.o
 *fill*         0x10009bba        0x2 
 .rodata._resetd_driver
                0x10009bbc       0x20 CMakeFiles/PicoCommunication.dir/home/emilklitgaard/pico-sdk/src/rp2_common/pico_stdio_usb/reset_interface.c.o
 .rodata.desc_ms_os_20
                0x10009bdc       0xa6 CMakeFiles/PicoCommunication.dir/home/emilklitgaard/pico-sdk/src/rp2_common/pico_stdio_usb/reset_interface.c.o
 *fill*         0x10009c82        0x2 
 .rodata.desc_bos
                0x10009c84       0x21 CMakeFiles/PicoCommunication.dir/home/emilklitgaard/pico-sdk/src/rp2_common/pico_stdio_usb/reset_interface.c.o
                0x10009c84                desc_bos
 .rodata.str1.4
                0x10009ca5       0x13 CMakeFiles/PicoCommunication.dir/home/emilklitgaard/pico-sdk/src/rp2_common/pico_stdio_usb/stdio_usb.c.o
 *fill*         0x10009ca5        0x3 
 .rodata.__bi_197.0
                0x10009ca8        0xc CMakeFiles/PicoCommunication.dir/home/emilklitgaard/pico-sdk/src/rp2_common/pico_stdio_usb/stdio_usb.c.o
 .rodata.str1.4
                0x10009cb4       0x2a CMakeFiles/PicoCommunication.dir/home/emilklitgaard/pico-sdk/src/rp2_common/pico_stdio_usb/stdio_usb_descriptors.c.o
 .rodata.usbd_desc_str
                0x10009cb4       0x18 CMakeFiles/PicoCommunication.dir/home/emilklitgaard/pico-sdk/src/rp2_common/pico_stdio_usb/stdio_usb_descriptors.c.o
 .rodata.usbd_desc_cfg
                0x10009ccc       0x54 CMakeFiles/PicoCommunication.dir/home/emilklitgaard/pico-sdk/src/rp2_common/pico_stdio_usb/stdio_usb_descriptors.c.o
 .rodata.usbd_desc_device
                0x10009d20       0x12 CMakeFiles/PicoCommunication.dir/home/emilklitgaard/pico-sdk/src/rp2_common/pico_stdio_usb/stdio_usb_descriptors.c.o
 .rodata.str1.4
                0x10009d32       0x14 CMakeFiles/PicoCommunication.dir/home/emilklitgaard/pico-sdk/lib/tinyusb/src/portable/raspberrypi/rp2040/dcd_rp2040.c.o
 .rodata.str1.4
                0x10009d32       0x48 CMakeFiles/PicoCommunication.dir/home/emilklitgaard/pico-sdk/lib/tinyusb/src/portable/raspberrypi/rp2040/rp2040_usb.c.o
 *fill*         0x10009d32        0x2 
 .rodata.tud_task_ext
                0x10009d34       0x8c CMakeFiles/PicoCommunication.dir/home/emilklitgaard/pico-sdk/lib/tinyusb/src/device/usbd.c.o
 .rodata        0x10009dc0       0x1c CMakeFiles/PicoCommunication.dir/home/emilklitgaard/pico-sdk/lib/tinyusb/src/device/usbd.c.o
 .rodata._usbd_driver
                0x10009ddc       0x40 CMakeFiles/PicoCommunication.dir/home/emilklitgaard/pico-sdk/lib/tinyusb/src/device/usbd.c.o
 .rodata._GLOBAL__sub_I__ZN9__gnu_cxx9__freeresEv.str1.4
                0x10009e1c       0x3c /usr/lib/gcc/arm-none-eabi/13.2.1/../../../arm-none-eabi/lib/thumb/v6-m/nofp/libstdc++.a(eh_alloc.o)
 .rodata._ZNKSt13bad_exception4whatEv.str1.4
                0x10009e1c       0x13 /usr/lib/gcc/arm-none-eabi/13.2.1/../../../arm-none-eabi/lib/thumb/v6-m/nofp/libstdc++.a(eh_exception.o)
 .rodata._ZTSSt9exception
                0x10009e1c        0xd /usr/lib/gcc/arm-none-eabi/13.2.1/../../../arm-none-eabi/lib/thumb/v6-m/nofp/libstdc++.a(eh_exception.o)
                0x10009e1c                typeinfo name for std::exception
 *fill*         0x10009e29        0x3 
 .rodata._ZTISt9exception
                0x10009e2c        0x8 /usr/lib/gcc/arm-none-eabi/13.2.1/../../../arm-none-eabi/lib/thumb/v6-m/nofp/libstdc++.a(eh_exception.o)
                0x10009e2c                typeinfo for std::exception
 .rodata._ZTSSt13bad_exception
                0x10009e34       0x12 /usr/lib/gcc/arm-none-eabi/13.2.1/../../../arm-none-eabi/lib/thumb/v6-m/nofp/libstdc++.a(eh_exception.o)
                0x10009e34                typeinfo name for std::bad_exception
 *fill*         0x10009e46        0x2 
 .rodata._ZTISt13bad_exception
                0x10009e48        0xc /usr/lib/gcc/arm-none-eabi/13.2.1/../../../arm-none-eabi/lib/thumb/v6-m/nofp/libstdc++.a(eh_exception.o)
                0x10009e48                typeinfo for std::bad_exception
 .rodata._ZTSN10__cxxabiv115__forced_unwindE
                0x10009e54       0x20 /usr/lib/gcc/arm-none-eabi/13.2.1/../../../arm-none-eabi/lib/thumb/v6-m/nofp/libstdc++.a(eh_exception.o)
                0x10009e54                typeinfo name for __cxxabiv1::__forced_unwind
 .rodata._ZTIN10__cxxabiv115__forced_unwindE